Apache Maven 3.9.9 (8e8579a9e76f7d015ee5ec7bfcdc97d260186937)
Maven home: C:\ProgramData\chocolatey\lib\maven\apache-maven-3.9.9
Java version: 21.0.6, vendor: Microsoft, runtime: C:\Program Files\Microsoft\jdk-21.0.6.7-hotspot
Default locale: en_US, platform encoding: UTF-8
OS name: "windows 11", version: "10.0", arch: "amd64", family: "windows"
[DEBUG] Created new class realm maven.api
[DEBUG] Importing foreign packages into class realm maven.api
[DEBUG]   Imported: javax.annotation.* < plexus.core
[DEBUG]   Imported: javax.annotation.security.* < plexus.core
[DEBUG]   Imported: javax.inject.* < plexus.core
[DEBUG]   Imported: org.apache.maven.* < plexus.core
[DEBUG]   Imported: org.apache.maven.artifact < plexus.core
[DEBUG]   Imported: org.apache.maven.classrealm < plexus.core
[DEBUG]   Imported: org.apache.maven.cli < plexus.core
[DEBUG]   Imported: org.apache.maven.configuration < plexus.core
[DEBUG]   Imported: org.apache.maven.exception < plexus.core
[DEBUG]   Imported: org.apache.maven.execution < plexus.core
[DEBUG]   Imported: org.apache.maven.execution.scope < plexus.core
[DEBUG]   Imported: org.apache.maven.graph < plexus.core
[DEBUG]   Imported: org.apache.maven.lifecycle < plexus.core
[DEBUG]   Imported: org.apache.maven.model < plexus.core
[DEBUG]   Imported: org.apache.maven.monitor < plexus.core
[DEBUG]   Imported: org.apache.maven.plugin < plexus.core
[DEBUG]   Imported: org.apache.maven.profiles < plexus.core
[DEBUG]   Imported: org.apache.maven.project < plexus.core
[DEBUG]   Imported: org.apache.maven.reporting < plexus.core
[DEBUG]   Imported: org.apache.maven.repository < plexus.core
[DEBUG]   Imported: org.apache.maven.rtinfo < plexus.core
[DEBUG]   Imported: org.apache.maven.settings < plexus.core
[DEBUG]   Imported: org.apache.maven.toolchain < plexus.core
[DEBUG]   Imported: org.apache.maven.usability < plexus.core
[DEBUG]   Imported: org.apache.maven.wagon.* < plexus.core
[DEBUG]   Imported: org.apache.maven.wagon.authentication < plexus.core
[DEBUG]   Imported: org.apache.maven.wagon.authorization < plexus.core
[DEBUG]   Imported: org.apache.maven.wagon.events < plexus.core
[DEBUG]   Imported: org.apache.maven.wagon.observers < plexus.core
[DEBUG]   Imported: org.apache.maven.wagon.proxy < plexus.core
[DEBUG]   Imported: org.apache.maven.wagon.repository < plexus.core
[DEBUG]   Imported: org.apache.maven.wagon.resource < plexus.core
[DEBUG]   Imported: org.codehaus.classworlds < plexus.core
[DEBUG]   Imported: org.codehaus.plexus.* < plexus.core
[DEBUG]   Imported: org.codehaus.plexus.classworlds < plexus.core
[DEBUG]   Imported: org.codehaus.plexus.component < plexus.core
[DEBUG]   Imported: org.codehaus.plexus.configuration < plexus.core
[DEBUG]   Imported: org.codehaus.plexus.container < plexus.core
[DEBUG]   Imported: org.codehaus.plexus.context < plexus.core
[DEBUG]   Imported: org.codehaus.plexus.lifecycle < plexus.core
[DEBUG]   Imported: org.codehaus.plexus.logging < plexus.core
[DEBUG]   Imported: org.codehaus.plexus.personality < plexus.core
[DEBUG]   Imported: org.codehaus.plexus.util.xml.Xpp3Dom < plexus.core
[DEBUG]   Imported: org.codehaus.plexus.util.xml.pull.XmlPullParser < plexus.core
[DEBUG]   Imported: org.codehaus.plexus.util.xml.pull.XmlPullParserException < plexus.core
[DEBUG]   Imported: org.codehaus.plexus.util.xml.pull.XmlSerializer < plexus.core
[DEBUG]   Imported: org.eclipse.aether.* < plexus.core
[DEBUG]   Imported: org.eclipse.aether.artifact < plexus.core
[DEBUG]   Imported: org.eclipse.aether.collection < plexus.core
[DEBUG]   Imported: org.eclipse.aether.deployment < plexus.core
[DEBUG]   Imported: org.eclipse.aether.graph < plexus.core
[DEBUG]   Imported: org.eclipse.aether.impl < plexus.core
[DEBUG]   Imported: org.eclipse.aether.installation < plexus.core
[DEBUG]   Imported: org.eclipse.aether.internal.impl < plexus.core
[DEBUG]   Imported: org.eclipse.aether.metadata < plexus.core
[DEBUG]   Imported: org.eclipse.aether.repository < plexus.core
[DEBUG]   Imported: org.eclipse.aether.resolution < plexus.core
[DEBUG]   Imported: org.eclipse.aether.spi < plexus.core
[DEBUG]   Imported: org.eclipse.aether.transfer < plexus.core
[DEBUG]   Imported: org.eclipse.aether.util < plexus.core
[DEBUG]   Imported: org.eclipse.aether.version < plexus.core
[DEBUG]   Imported: org.fusesource.jansi.* < plexus.core
[DEBUG]   Imported: org.slf4j.* < plexus.core
[DEBUG]   Imported: org.slf4j.event.* < plexus.core
[DEBUG]   Imported: org.slf4j.helpers.* < plexus.core
[DEBUG]   Imported: org.slf4j.spi.* < plexus.core
[DEBUG] Populating class realm maven.api
[DEBUG] Created adapter factory; available factories [file-lock, rwlock-local, semaphore-local, noop]; available name mappers [discriminating, file-gav, file-hgav, file-static, gav, static]
[INFO] Error stacktraces are turned on.
[DEBUG] Message scheme: color
[DEBUG] Message styles: debug info warning error success failure strong mojo project
[DEBUG] Reading global settings from C:\ProgramData\chocolatey\lib\maven\apache-maven-3.9.9\conf\settings.xml
[DEBUG] Reading user settings from C:\Users\shamk\.m2\settings.xml
[DEBUG] Reading global toolchains from C:\ProgramData\chocolatey\lib\maven\apache-maven-3.9.9\conf\toolchains.xml
[DEBUG] Reading user toolchains from C:\Users\shamk\.m2\toolchains.xml
[DEBUG] Using local repository at C:\Users\shamk\.m2\repository
[DEBUG] Using manager EnhancedLocalRepositoryManager with priority 10.0 for C:\Users\shamk\.m2\repository
[INFO] Scanning for projects...
[DEBUG] Creating adapter using nameMapper 'gav' and factory 'rwlock-local'
[DEBUG] Extension realms for project com.astrocharts:astrocharts-backend:jar:0.0.1-SNAPSHOT: (none)
[DEBUG] Looking up lifecycle mappings for packaging jar from ClassRealm[plexus.core, parent: null]
[DEBUG] Extension realms for project org.springframework.boot:spring-boot-starter-parent:pom:3.2.0: (none)
[DEBUG] Looking up lifecycle mappings for packaging pom from ClassRealm[plexus.core, parent: null]
[DEBUG] Extension realms for project org.springframework.boot:spring-boot-dependencies:pom:3.2.0: (none)
[DEBUG] Looking up lifecycle mappings for packaging pom from ClassRealm[plexus.core, parent: null]
[WARNING] 
[WARNING] Some problems were encountered while building the effective model for com.astrocharts:astrocharts-backend:jar:0.0.1-SNAPSHOT
[WARNING] 'dependencies.dependency.systemPath' for com.astroservices:astro:jar should use a variable instead of a hard-coded path c:/Users/shamk/CascadeProjects/astrocharts/backend/lib/astro-1.0.jar @ line 49, column 21
[WARNING] 'dependencies.dependency.systemPath' for com.sweph:swisseph:jar should use a variable instead of a hard-coded path c:/Users/shamk/CascadeProjects/astrocharts/backend/lib/swisseph-2.01.00-02.jar @ line 56, column 21
[WARNING] 
[WARNING] It is highly recommended to fix these problems because they threaten the stability of your build.
[WARNING] 
[WARNING] For this reason, future Maven versions might no longer support building such malformed projects.
[WARNING] 
[DEBUG] === REACTOR BUILD PLAN ================================================
[DEBUG] Project: com.astrocharts:astrocharts-backend:jar:0.0.1-SNAPSHOT
[DEBUG] Tasks:   [clean, package]
[DEBUG] Style:   Regular
[DEBUG] =======================================================================
[INFO] 
[INFO] ----------------< com.astrocharts:astrocharts-backend >-----------------
[INFO] Building AstroCharts Backend 0.0.1-SNAPSHOT
[INFO]   from pom.xml
[INFO] --------------------------------[ jar ]---------------------------------
[DEBUG] Lifecycle clean -> [pre-clean, clean, post-clean]
[DEBUG] Lifecycle default -> [validate, initialize, generate-sources, process-sources, generate-resources, process-resources, compile, process-classes, generate-test-sources, process-test-sources, generate-test-resources, process-test-resources, test-compile, process-test-classes, test, prepare-package, package, pre-integration-test, integration-test, post-integration-test, verify, install, deploy]
[DEBUG] Lifecycle site -> [pre-site, site, post-site, site-deploy]
[DEBUG] Lifecycle clean -> [pre-clean, clean, post-clean]
[DEBUG] Lifecycle default -> [validate, initialize, generate-sources, process-sources, generate-resources, process-resources, compile, process-classes, generate-test-sources, process-test-sources, generate-test-resources, process-test-resources, test-compile, process-test-classes, test, prepare-package, package, pre-integration-test, integration-test, post-integration-test, verify, install, deploy]
[DEBUG] Lifecycle site -> [pre-site, site, post-site, site-deploy]
[DEBUG] Lifecycle clean -> [pre-clean, clean, post-clean]
[DEBUG] Lifecycle default -> [validate, initialize, generate-sources, process-sources, generate-resources, process-resources, compile, process-classes, generate-test-sources, process-test-sources, generate-test-resources, process-test-resources, test-compile, process-test-classes, test, prepare-package, package, pre-integration-test, integration-test, post-integration-test, verify, install, deploy]
[DEBUG] Lifecycle site -> [pre-site, site, post-site, site-deploy]
[DEBUG] Lifecycle clean -> [pre-clean, clean, post-clean]
[DEBUG] Lifecycle default -> [validate, initialize, generate-sources, process-sources, generate-resources, process-resources, compile, process-classes, generate-test-sources, process-test-sources, generate-test-resources, process-test-resources, test-compile, process-test-classes, test, prepare-package, package, pre-integration-test, integration-test, post-integration-test, verify, install, deploy]
[DEBUG] Lifecycle site -> [pre-site, site, post-site, site-deploy]
[DEBUG] Lifecycle clean -> [pre-clean, clean, post-clean]
[DEBUG] Lifecycle default -> [validate, initialize, generate-sources, process-sources, generate-resources, process-resources, compile, process-classes, generate-test-sources, process-test-sources, generate-test-resources, process-test-resources, test-compile, process-test-classes, test, prepare-package, package, pre-integration-test, integration-test, post-integration-test, verify, install, deploy]
[DEBUG] Lifecycle site -> [pre-site, site, post-site, site-deploy]
[DEBUG] Lifecycle clean -> [pre-clean, clean, post-clean]
[DEBUG] Lifecycle default -> [validate, initialize, generate-sources, process-sources, generate-resources, process-resources, compile, process-classes, generate-test-sources, process-test-sources, generate-test-resources, process-test-resources, test-compile, process-test-classes, test, prepare-package, package, pre-integration-test, integration-test, post-integration-test, verify, install, deploy]
[DEBUG] Lifecycle site -> [pre-site, site, post-site, site-deploy]
[DEBUG] Lifecycle clean -> [pre-clean, clean, post-clean]
[DEBUG] Lifecycle default -> [validate, initialize, generate-sources, process-sources, generate-resources, process-resources, compile, process-classes, generate-test-sources, process-test-sources, generate-test-resources, process-test-resources, test-compile, process-test-classes, test, prepare-package, package, pre-integration-test, integration-test, post-integration-test, verify, install, deploy]
[DEBUG] Lifecycle site -> [pre-site, site, post-site, site-deploy]
[DEBUG] Lifecycle clean -> [pre-clean, clean, post-clean]
[DEBUG] Lifecycle default -> [validate, initialize, generate-sources, process-sources, generate-resources, process-resources, compile, process-classes, generate-test-sources, process-test-sources, generate-test-resources, process-test-resources, test-compile, process-test-classes, test, prepare-package, package, pre-integration-test, integration-test, post-integration-test, verify, install, deploy]
[DEBUG] Lifecycle site -> [pre-site, site, post-site, site-deploy]
[DEBUG] Lifecycle clean -> [pre-clean, clean, post-clean]
[DEBUG] Lifecycle default -> [validate, initialize, generate-sources, process-sources, generate-resources, process-resources, compile, process-classes, generate-test-sources, process-test-sources, generate-test-resources, process-test-resources, test-compile, process-test-classes, test, prepare-package, package, pre-integration-test, integration-test, post-integration-test, verify, install, deploy]
[DEBUG] Lifecycle site -> [pre-site, site, post-site, site-deploy]
[DEBUG] === PROJECT BUILD PLAN ================================================
[DEBUG] Project:       com.astrocharts:astrocharts-backend:0.0.1-SNAPSHOT
[DEBUG] Dependencies (collect): [compile+runtime]
[DEBUG] Dependencies (resolve): [compile, compile+runtime, runtime, test]
[DEBUG] Repositories (dependencies): [central (https://repo.maven.apache.org/maven2, default, releases)]
[DEBUG] Repositories (plugins)     : [central (https://repo.maven.apache.org/maven2, default, releases)]
[DEBUG] -----------------------------------------------------------------------
[DEBUG] Goal:          org.apache.maven.plugins:maven-clean-plugin:3.3.2:clean (default-clean)
[DEBUG] Style:         Regular
[DEBUG] Configuration: <?xml version="1.0" encoding="UTF-8"?>
<configuration>
  <directory default-value="${project.build.directory}"/>
  <excludeDefaultDirectories default-value="false">${maven.clean.excludeDefaultDirectories}</excludeDefaultDirectories>
  <failOnError default-value="true">${maven.clean.failOnError}</failOnError>
  <fast default-value="false">${maven.clean.fast}</fast>
  <fastDir>${maven.clean.fastDir}</fastDir>
  <fastMode default-value="background">${maven.clean.fastMode}</fastMode>
  <followSymLinks default-value="false">${maven.clean.followSymLinks}</followSymLinks>
  <outputDirectory default-value="${project.build.outputDirectory}"/>
  <reportDirectory default-value="${project.build.outputDirectory}"/>
  <retryOnError default-value="true">${maven.clean.retryOnError}</retryOnError>
  <session default-value="${session}"/>
  <skip default-value="false">${maven.clean.skip}</skip>
  <testOutputDirectory default-value="${project.build.testOutputDirectory}"/>
  <verbose>${maven.clean.verbose}</verbose>
</configuration>
[DEBUG] -----------------------------------------------------------------------
[DEBUG] Goal:          org.apache.maven.plugins:maven-resources-plugin:3.3.1:resources (default-resources)
[DEBUG] Style:         Regular
[DEBUG] Configuration: <?xml version="1.0" encoding="UTF-8"?>
<configuration>
  <addDefaultExcludes default-value="true"/>
  <buildFilters default-value="${project.build.filters}"/>
  <delimiters>
    <delimiter>@</delimiter>
  </delimiters>
  <encoding default-value="${project.build.sourceEncoding}"/>
  <escapeWindowsPaths default-value="true"/>
  <fileNameFiltering default-value="false"/>
  <includeEmptyDirs default-value="false"/>
  <outputDirectory default-value="${project.build.outputDirectory}"/>
  <overwrite default-value="false"/>
  <project default-value="${project}"/>
  <propertiesEncoding>UTF-8</propertiesEncoding>
  <resources default-value="${project.resources}"/>
  <session default-value="${session}"/>
  <skip default-value="false">${maven.resources.skip}</skip>
  <supportMultiLineFiltering default-value="false"/>
  <useBuildFilters default-value="true"/>
  <useDefaultDelimiters default-value="true">false</useDefaultDelimiters>
</configuration>
[DEBUG] -----------------------------------------------------------------------
[DEBUG] Goal:          org.apache.maven.plugins:maven-compiler-plugin:3.11.0:compile (default-compile)
[DEBUG] Style:         Regular
[DEBUG] Configuration: <?xml version="1.0" encoding="UTF-8"?>
<configuration>
  <basedir default-value="${basedir}"/>
  <buildDirectory default-value="${project.build.directory}"/>
  <compilePath default-value="${project.compileClasspathElements}"/>
  <compileSourceRoots default-value="${project.compileSourceRoots}"/>
  <compilerArgs>
    <arg>-Xlint:all</arg>
    <arg>-verbose</arg>
  </compilerArgs>
  <compilerId default-value="javac">${maven.compiler.compilerId}</compilerId>
  <compilerReuseStrategy default-value="${reuseCreated}">${maven.compiler.compilerReuseStrategy}</compilerReuseStrategy>
  <compilerVersion>${maven.compiler.compilerVersion}</compilerVersion>
  <createMissingPackageInfoClass default-value="true">${maven.compiler.createMissingPackageInfoClass}</createMissingPackageInfoClass>
  <debug default-value="true">${maven.compiler.debug}</debug>
  <debugFileName default-value="javac"/>
  <debuglevel>${maven.compiler.debuglevel}</debuglevel>
  <enablePreview default-value="false">${maven.compiler.enablePreview}</enablePreview>
  <encoding default-value="${project.build.sourceEncoding}">${encoding}</encoding>
  <executable>${maven.compiler.executable}</executable>
  <failOnError default-value="true">${maven.compiler.failOnError}</failOnError>
  <failOnWarning default-value="false">${maven.compiler.failOnWarning}</failOnWarning>
  <forceJavacCompilerUse default-value="false">true</forceJavacCompilerUse>
  <fork default-value="false">${maven.compiler.fork}</fork>
  <generatedSourcesDirectory default-value="${project.build.directory}/generated-sources/annotations"/>
  <implicit>${maven.compiler.implicit}</implicit>
  <maxmem>${maven.compiler.maxmem}</maxmem>
  <meminitial>${maven.compiler.meminitial}</meminitial>
  <mojoExecution default-value="${mojoExecution}"/>
  <optimize default-value="false">${maven.compiler.optimize}</optimize>
  <outputDirectory default-value="${project.build.outputDirectory}"/>
  <parameters default-value="false">true</parameters>
  <project default-value="${project}"/>
  <projectArtifact default-value="${project.artifact}"/>
  <release>${maven.compiler.release}</release>
  <session default-value="${session}"/>
  <showCompilationChanges default-value="false">${maven.compiler.showCompilationChanges}</showCompilationChanges>
  <showDeprecation default-value="false">${maven.compiler.showDeprecation}</showDeprecation>
  <showWarnings default-value="true">${maven.compiler.showWarnings}</showWarnings>
  <skipMain>${maven.main.skip}</skipMain>
  <skipMultiThreadWarning default-value="false">${maven.compiler.skipMultiThreadWarning}</skipMultiThreadWarning>
  <source default-value="1.8">17</source>
  <staleMillis default-value="0">${lastModGranularityMs}</staleMillis>
  <target default-value="1.8">17</target>
  <useIncrementalCompilation default-value="true">${maven.compiler.useIncrementalCompilation}</useIncrementalCompilation>
  <verbose default-value="false">${maven.compiler.verbose}</verbose>
</configuration>
[DEBUG] -----------------------------------------------------------------------
[DEBUG] Goal:          org.apache.maven.plugins:maven-resources-plugin:3.3.1:testResources (default-testResources)
[DEBUG] Style:         Regular
[DEBUG] Configuration: <?xml version="1.0" encoding="UTF-8"?>
<configuration>
  <addDefaultExcludes default-value="true"/>
  <buildFilters default-value="${project.build.filters}"/>
  <delimiters>
    <delimiter>@</delimiter>
  </delimiters>
  <encoding default-value="${project.build.sourceEncoding}"/>
  <escapeWindowsPaths default-value="true"/>
  <fileNameFiltering default-value="false"/>
  <includeEmptyDirs default-value="false"/>
  <outputDirectory default-value="${project.build.testOutputDirectory}"/>
  <overwrite default-value="false"/>
  <project default-value="${project}"/>
  <propertiesEncoding>UTF-8</propertiesEncoding>
  <resources default-value="${project.testResources}"/>
  <session default-value="${session}"/>
  <skip default-value="false">${maven.test.skip}</skip>
  <supportMultiLineFiltering default-value="false"/>
  <useBuildFilters default-value="true"/>
  <useDefaultDelimiters default-value="true">false</useDefaultDelimiters>
</configuration>
[DEBUG] -----------------------------------------------------------------------
[DEBUG] Goal:          org.apache.maven.plugins:maven-compiler-plugin:3.11.0:testCompile (default-testCompile)
[DEBUG] Style:         Regular
[DEBUG] Configuration: <?xml version="1.0" encoding="UTF-8"?>
<configuration>
  <basedir default-value="${basedir}"/>
  <buildDirectory default-value="${project.build.directory}"/>
  <compileSourceRoots default-value="${project.testCompileSourceRoots}"/>
  <compilerArgs>
    <arg>-Xlint:all</arg>
    <arg>-verbose</arg>
  </compilerArgs>
  <compilerId default-value="javac">${maven.compiler.compilerId}</compilerId>
  <compilerReuseStrategy default-value="${reuseCreated}">${maven.compiler.compilerReuseStrategy}</compilerReuseStrategy>
  <compilerVersion>${maven.compiler.compilerVersion}</compilerVersion>
  <createMissingPackageInfoClass default-value="true">${maven.compiler.createMissingPackageInfoClass}</createMissingPackageInfoClass>
  <debug default-value="true">${maven.compiler.debug}</debug>
  <debugFileName default-value="javac-test"/>
  <debuglevel>${maven.compiler.debuglevel}</debuglevel>
  <enablePreview default-value="false">${maven.compiler.enablePreview}</enablePreview>
  <encoding default-value="${project.build.sourceEncoding}">${encoding}</encoding>
  <executable>${maven.compiler.executable}</executable>
  <failOnError default-value="true">${maven.compiler.failOnError}</failOnError>
  <failOnWarning default-value="false">${maven.compiler.failOnWarning}</failOnWarning>
  <forceJavacCompilerUse default-value="false">true</forceJavacCompilerUse>
  <fork default-value="false">${maven.compiler.fork}</fork>
  <generatedTestSourcesDirectory default-value="${project.build.directory}/generated-test-sources/test-annotations"/>
  <implicit>${maven.compiler.implicit}</implicit>
  <maxmem>${maven.compiler.maxmem}</maxmem>
  <meminitial>${maven.compiler.meminitial}</meminitial>
  <mojoExecution default-value="${mojoExecution}"/>
  <optimize default-value="false">${maven.compiler.optimize}</optimize>
  <outputDirectory default-value="${project.build.testOutputDirectory}"/>
  <parameters default-value="false">true</parameters>
  <project default-value="${project}"/>
  <release>${maven.compiler.release}</release>
  <session default-value="${session}"/>
  <showCompilationChanges default-value="false">${maven.compiler.showCompilationChanges}</showCompilationChanges>
  <showDeprecation default-value="false">${maven.compiler.showDeprecation}</showDeprecation>
  <showWarnings default-value="true">${maven.compiler.showWarnings}</showWarnings>
  <skip>${maven.test.skip}</skip>
  <skipMultiThreadWarning default-value="false">${maven.compiler.skipMultiThreadWarning}</skipMultiThreadWarning>
  <source default-value="1.8">17</source>
  <staleMillis default-value="0">${lastModGranularityMs}</staleMillis>
  <target default-value="1.8">17</target>
  <testPath default-value="${project.testClasspathElements}"/>
  <testRelease>${maven.compiler.testRelease}</testRelease>
  <testSource>${maven.compiler.testSource}</testSource>
  <testTarget>${maven.compiler.testTarget}</testTarget>
  <useIncrementalCompilation default-value="true">${maven.compiler.useIncrementalCompilation}</useIncrementalCompilation>
  <useModulePath default-value="true"/>
  <verbose default-value="false">${maven.compiler.verbose}</verbose>
</configuration>
[DEBUG] -----------------------------------------------------------------------
[DEBUG] Goal:          org.apache.maven.plugins:maven-surefire-plugin:3.1.2:test (default-test)
[DEBUG] Style:         Regular
[DEBUG] Configuration: <?xml version="1.0" encoding="UTF-8"?>
<configuration>
  <additionalClasspathElements>${maven.test.additionalClasspath}</additionalClasspathElements>
  <argLine>${argLine}</argLine>
  <basedir default-value="${basedir}"/>
  <childDelegation default-value="false">${childDelegation}</childDelegation>
  <classesDirectory default-value="${project.build.outputDirectory}"/>
  <classpathDependencyExcludes>${maven.test.dependency.excludes}</classpathDependencyExcludes>
  <debugForkedProcess>${maven.surefire.debug}</debugForkedProcess>
  <dependenciesToScan>${dependenciesToScan}</dependenciesToScan>
  <disableXmlReport default-value="false">${disableXmlReport}</disableXmlReport>
  <enableAssertions default-value="true">${enableAssertions}</enableAssertions>
  <enableProcessChecker>${surefire.enableProcessChecker}</enableProcessChecker>
  <encoding default-value="${project.reporting.outputEncoding}">${surefire.encoding}</encoding>
  <excludeJUnit5Engines>${surefire.excludeJUnit5Engines}</excludeJUnit5Engines>
  <excludedEnvironmentVariables>${surefire.excludedEnvironmentVariables}</excludedEnvironmentVariables>
  <excludedGroups>${excludedGroups}</excludedGroups>
  <excludes>${surefire.excludes}</excludes>
  <excludesFile>${surefire.excludesFile}</excludesFile>
  <failIfNoSpecifiedTests default-value="true">${surefire.failIfNoSpecifiedTests}</failIfNoSpecifiedTests>
  <failIfNoTests default-value="false">${failIfNoTests}</failIfNoTests>
  <failOnFlakeCount default-value="0">${surefire.failOnFlakeCount}</failOnFlakeCount>
  <forkCount default-value="1">${forkCount}</forkCount>
  <forkNode>${surefire.forkNode}</forkNode>
  <forkedProcessExitTimeoutInSeconds default-value="30">${surefire.exitTimeout}</forkedProcessExitTimeoutInSeconds>
  <forkedProcessTimeoutInSeconds>${surefire.timeout}</forkedProcessTimeoutInSeconds>
  <groups>${groups}</groups>
  <includeJUnit5Engines>${surefire.includeJUnit5Engines}</includeJUnit5Engines>
  <includes>${surefire.includes}</includes>
  <includesFile>${surefire.includesFile}</includesFile>
  <junitArtifactName default-value="junit:junit">${junitArtifactName}</junitArtifactName>
  <jvm>${jvm}</jvm>
  <objectFactory>${objectFactory}</objectFactory>
  <parallel>${parallel}</parallel>
  <parallelMavenExecution default-value="${session.parallel}"/>
  <parallelOptimized default-value="true">${parallelOptimized}</parallelOptimized>
  <parallelTestsTimeoutForcedInSeconds>${surefire.parallel.forcedTimeout}</parallelTestsTimeoutForcedInSeconds>
  <parallelTestsTimeoutInSeconds>${surefire.parallel.timeout}</parallelTestsTimeoutInSeconds>
  <perCoreThreadCount default-value="true">${perCoreThreadCount}</perCoreThreadCount>
  <pluginArtifactMap>${plugin.artifactMap}</pluginArtifactMap>
  <pluginDescriptor default-value="${plugin}"/>
  <printSummary default-value="true">${surefire.printSummary}</printSummary>
  <project default-value="${project}"/>
  <projectArtifactMap>${project.artifactMap}</projectArtifactMap>
  <projectBuildDirectory default-value="${project.build.directory}"/>
  <redirectTestOutputToFile default-value="false">${maven.test.redirectTestOutputToFile}</redirectTestOutputToFile>
  <reportFormat default-value="brief">${surefire.reportFormat}</reportFormat>
  <reportNameSuffix default-value="">${surefire.reportNameSuffix}</reportNameSuffix>
  <reportsDirectory default-value="${project.build.directory}/surefire-reports"/>
  <rerunFailingTestsCount default-value="0">${surefire.rerunFailingTestsCount}</rerunFailingTestsCount>
  <reuseForks default-value="true">${reuseForks}</reuseForks>
  <runOrder default-value="filesystem">${surefire.runOrder}</runOrder>
  <runOrderRandomSeed>${surefire.runOrder.random.seed}</runOrderRandomSeed>
  <session default-value="${session}"/>
  <shutdown default-value="exit">${surefire.shutdown}</shutdown>
  <skip default-value="false">${maven.test.skip}</skip>
  <skipAfterFailureCount default-value="0">${surefire.skipAfterFailureCount}</skipAfterFailureCount>
  <skipExec>${maven.test.skip.exec}</skipExec>
  <skipTests default-value="false">${skipTests}</skipTests>
  <suiteXmlFiles>${surefire.suiteXmlFiles}</suiteXmlFiles>
  <systemPropertiesFile>${surefire.systemPropertiesFile}</systemPropertiesFile>
  <tempDir default-value="surefire">${tempDir}</tempDir>
  <test>${test}</test>
  <testClassesDirectory default-value="${project.build.testOutputDirectory}"/>
  <testFailureIgnore default-value="false">${maven.test.failure.ignore}</testFailureIgnore>
  <testNGArtifactName default-value="org.testng:testng">${testNGArtifactName}</testNGArtifactName>
  <testSourceDirectory default-value="${project.build.testSourceDirectory}"/>
  <threadCount>${threadCount}</threadCount>
  <threadCountClasses default-value="0">${threadCountClasses}</threadCountClasses>
  <threadCountMethods default-value="0">${threadCountMethods}</threadCountMethods>
  <threadCountSuites default-value="0">${threadCountSuites}</threadCountSuites>
  <trimStackTrace default-value="false">${trimStackTrace}</trimStackTrace>
  <useFile default-value="true">${surefire.useFile}</useFile>
  <useManifestOnlyJar default-value="true">${surefire.useManifestOnlyJar}</useManifestOnlyJar>
  <useModulePath default-value="true">${surefire.useModulePath}</useModulePath>
  <useSystemClassLoader default-value="true">${surefire.useSystemClassLoader}</useSystemClassLoader>
  <useUnlimitedThreads default-value="false">${useUnlimitedThreads}</useUnlimitedThreads>
  <workingDirectory>${basedir}</workingDirectory>
</configuration>
[DEBUG] -----------------------------------------------------------------------
[DEBUG] Goal:          org.apache.maven.plugins:maven-jar-plugin:3.3.0:jar (default-jar)
[DEBUG] Style:         Regular
[DEBUG] Configuration: <?xml version="1.0" encoding="UTF-8"?>
<configuration>
  <archive>
    <manifest>
      <mainClass>com.astrocharts.AstroChartsApplication</mainClass>
      <addDefaultImplementationEntries>true</addDefaultImplementationEntries>
    </manifest>
  </archive>
  <classesDirectory default-value="${project.build.outputDirectory}"/>
  <finalName default-value="${project.build.finalName}"/>
  <forceCreation default-value="false">${maven.jar.forceCreation}</forceCreation>
  <outputDirectory default-value="${project.build.directory}"/>
  <outputTimestamp default-value="${project.build.outputTimestamp}"/>
  <project default-value="${project}"/>
  <session default-value="${session}"/>
  <skipIfEmpty default-value="false"/>
  <useDefaultManifestFile default-value="false">${jar.useDefaultManifestFile}</useDefaultManifestFile>
</configuration>
[DEBUG] -----------------------------------------------------------------------
[DEBUG] Goal:          org.springframework.boot:spring-boot-maven-plugin:3.2.0:repackage (repackage)
[DEBUG] Style:         Regular
[DEBUG] Configuration: <?xml version="1.0" encoding="UTF-8"?>
<configuration>
  <attach default-value="true"/>
  <excludeDevtools default-value="true">${spring-boot.repackage.excludeDevtools}</excludeDevtools>
  <excludeDockerCompose default-value="true">${spring-boot.repackage.excludeDockerCompose}</excludeDockerCompose>
  <excludeGroupIds default-value="">${spring-boot.excludeGroupIds}</excludeGroupIds>
  <excludes>${spring-boot.excludes}</excludes>
  <executable default-value="false"/>
  <finalName default-value="${project.build.finalName}"/>
  <includeSystemScope default-value="false">true</includeSystemScope>
  <includes>${spring-boot.includes}</includes>
  <layout>${spring-boot.repackage.layout}</layout>
  <mainClass>com.astrocharts.AstroChartsApplication</mainClass>
  <outputDirectory default-value="${project.build.directory}"/>
  <outputTimestamp default-value="${project.build.outputTimestamp}"/>
  <project default-value="${project}"/>
  <session default-value="${session}"/>
  <skip default-value="false">${spring-boot.repackage.skip}</skip>
</configuration>
[DEBUG] -----------------------------------------------------------------------
[DEBUG] Goal:          org.springframework.boot:spring-boot-maven-plugin:3.2.0:repackage (default)
[DEBUG] Style:         Regular
[DEBUG] Configuration: <?xml version="1.0" encoding="UTF-8"?>
<configuration>
  <attach default-value="true"/>
  <excludeDevtools default-value="true">${spring-boot.repackage.excludeDevtools}</excludeDevtools>
  <excludeDockerCompose default-value="true">${spring-boot.repackage.excludeDockerCompose}</excludeDockerCompose>
  <excludeGroupIds default-value="">${spring-boot.excludeGroupIds}</excludeGroupIds>
  <excludes>${spring-boot.excludes}</excludes>
  <executable default-value="false"/>
  <finalName default-value="${project.build.finalName}"/>
  <includeSystemScope default-value="false">true</includeSystemScope>
  <includes>${spring-boot.includes}</includes>
  <layout>${spring-boot.repackage.layout}</layout>
  <mainClass>com.astrocharts.AstroChartsApplication</mainClass>
  <outputDirectory default-value="${project.build.directory}"/>
  <outputTimestamp default-value="${project.build.outputTimestamp}"/>
  <project default-value="${project}"/>
  <session default-value="${session}"/>
  <skip default-value="false">${spring-boot.repackage.skip}</skip>
</configuration>
[DEBUG] =======================================================================
[DEBUG] Using mirror maven-default-http-blocker (http://0.0.0.0/) for ow2-snapshot (http://repository.ow2.org/nexus/content/repositories/snapshots).
[DEBUG] Using mirror maven-default-http-blocker (http://0.0.0.0/) for vaadin-snapshots (http://oss.sonatype.org/content/repositories/vaadin-snapshots/).
[DEBUG] Using mirror maven-default-http-blocker (http://0.0.0.0/) for vaadin-releases (http://oss.sonatype.org/content/repositories/vaadin-releases/).
[DEBUG] Dependency collection stats {ConflictMarker.analyzeTime=1496300, ConflictMarker.markTime=128500, ConflictMarker.nodeCount=120, ConflictIdSorter.graphTime=1199000, ConflictIdSorter.topsortTime=928400, ConflictIdSorter.conflictIdCount=67, ConflictIdSorter.conflictIdCycleCount=0, ConflictResolver.totalTime=10420101, ConflictResolver.conflictItemCount=118, DfDependencyCollector.collectTime=162032200, DfDependencyCollector.transformTime=17884900}
[DEBUG] com.astrocharts:astrocharts-backend:jar:0.0.1-SNAPSHOT
[DEBUG]    org.springframework.boot:spring-boot-starter-web:jar:3.2.0:compile
[DEBUG]       org.springframework.boot:spring-boot-starter:jar:3.2.0:compile (version managed from 3.2.0)
[DEBUG]          org.springframework.boot:spring-boot:jar:3.2.0:compile (version managed from 3.2.0)
[DEBUG]          org.springframework.boot:spring-boot-autoconfigure:jar:3.2.0:compile (version managed from 3.2.0)
[DEBUG]          org.springframework.boot:spring-boot-starter-logging:jar:3.2.0:compile (version managed from 3.2.0)
[DEBUG]             ch.qos.logback:logback-classic:jar:1.4.11:compile (version managed from 1.4.11)
[DEBUG]                ch.qos.logback:logback-core:jar:1.4.11:compile (version managed from 1.4.11)
[DEBUG]             org.apache.logging.log4j:log4j-to-slf4j:jar:2.21.1:compile (version managed from 2.21.1)
[DEBUG]                org.apache.logging.log4j:log4j-api:jar:2.21.1:compile (version managed from 2.21.1)
[DEBUG]             org.slf4j:jul-to-slf4j:jar:2.0.9:compile (version managed from 2.0.9)
[DEBUG]          jakarta.annotation:jakarta.annotation-api:jar:2.1.1:compile (version managed from 2.1.1)
[DEBUG]          org.yaml:snakeyaml:jar:2.2:compile (version managed from 2.2)
[DEBUG]       org.springframework.boot:spring-boot-starter-json:jar:3.2.0:compile (version managed from 3.2.0)
[DEBUG]          com.fasterxml.jackson.core:jackson-databind:jar:2.15.3:compile (version managed from 2.15.3)
[DEBUG]             com.fasterxml.jackson.core:jackson-annotations:jar:2.15.3:compile (version managed from 2.15.3)
[DEBUG]             com.fasterxml.jackson.core:jackson-core:jar:2.15.3:compile (version managed from 2.15.3)
[DEBUG]          com.fasterxml.jackson.datatype:jackson-datatype-jdk8:jar:2.15.3:compile (version managed from 2.15.3)
[DEBUG]          com.fasterxml.jackson.datatype:jackson-datatype-jsr310:jar:2.15.3:compile (version managed from 2.15.3)
[DEBUG]          com.fasterxml.jackson.module:jackson-module-parameter-names:jar:2.15.3:compile (version managed from 2.15.3)
[DEBUG]       org.springframework.boot:spring-boot-starter-tomcat:jar:3.2.0:compile (version managed from 3.2.0)
[DEBUG]          org.apache.tomcat.embed:tomcat-embed-core:jar:10.1.16:compile (version managed from 10.1.16)
[DEBUG]          org.apache.tomcat.embed:tomcat-embed-el:jar:10.1.16:compile (version managed from 10.1.16)
[DEBUG]          org.apache.tomcat.embed:tomcat-embed-websocket:jar:10.1.16:compile (version managed from 10.1.16)
[DEBUG]       org.springframework:spring-web:jar:6.1.1:compile (version managed from 6.1.1)
[DEBUG]          org.springframework:spring-beans:jar:6.1.1:compile (version managed from 6.1.1)
[DEBUG]          io.micrometer:micrometer-observation:jar:1.12.0:compile (version managed from 1.12.0)
[DEBUG]             io.micrometer:micrometer-commons:jar:1.12.0:compile (version managed from 1.12.0)
[DEBUG]       org.springframework:spring-webmvc:jar:6.1.1:compile (version managed from 6.1.1)
[DEBUG]          org.springframework:spring-aop:jar:6.1.1:compile (version managed from 6.1.1)
[DEBUG]          org.springframework:spring-context:jar:6.1.1:compile (version managed from 6.1.1)
[DEBUG]          org.springframework:spring-expression:jar:6.1.1:compile (version managed from 6.1.1)
[DEBUG]    org.springframework.boot:spring-boot-starter-test:jar:3.2.0:test
[DEBUG]       org.springframework.boot:spring-boot-test:jar:3.2.0:test (version managed from 3.2.0)
[DEBUG]       org.springframework.boot:spring-boot-test-autoconfigure:jar:3.2.0:test (version managed from 3.2.0)
[DEBUG]       com.jayway.jsonpath:json-path:jar:2.8.0:test (version managed from 2.8.0)
[DEBUG]          org.slf4j:slf4j-api:jar:2.0.9:compile (version managed from 1.7.36)
[DEBUG]       jakarta.xml.bind:jakarta.xml.bind-api:jar:4.0.1:test (version managed from 4.0.1)
[DEBUG]          jakarta.activation:jakarta.activation-api:jar:2.1.2:test (version managed from 2.1.2)
[DEBUG]       net.minidev:json-smart:jar:2.5.0:test (version managed from 2.5.0)
[DEBUG]          net.minidev:accessors-smart:jar:2.5.0:test
[DEBUG]             org.ow2.asm:asm:jar:9.3:test
[DEBUG]       org.assertj:assertj-core:jar:3.24.2:test (version managed from 3.24.2)
[DEBUG]          net.bytebuddy:byte-buddy:jar:1.14.10:test (version managed from 1.12.21)
[DEBUG]       org.awaitility:awaitility:jar:4.2.0:test (version managed from 4.2.0)
[DEBUG]       org.hamcrest:hamcrest:jar:2.2:test (version managed from 2.2)
[DEBUG]       org.junit.jupiter:junit-jupiter:jar:5.10.1:test (version managed from 5.10.1)
[DEBUG]          org.junit.jupiter:junit-jupiter-api:jar:5.10.1:test (version managed from 5.10.1)
[DEBUG]             org.opentest4j:opentest4j:jar:1.3.0:test
[DEBUG]             org.junit.platform:junit-platform-commons:jar:1.10.1:test (version managed from 1.10.1)
[DEBUG]             org.apiguardian:apiguardian-api:jar:1.1.2:test
[DEBUG]          org.junit.jupiter:junit-jupiter-params:jar:5.10.1:test (version managed from 5.10.1)
[DEBUG]          org.junit.jupiter:junit-jupiter-engine:jar:5.10.1:test (version managed from 5.10.1)
[DEBUG]             org.junit.platform:junit-platform-engine:jar:1.10.1:test (version managed from 1.10.1)
[DEBUG]       org.mockito:mockito-core:jar:5.7.0:test (version managed from 5.7.0)
[DEBUG]          net.bytebuddy:byte-buddy-agent:jar:1.14.10:test (version managed from 1.14.9)
[DEBUG]          org.objenesis:objenesis:jar:3.3:test
[DEBUG]       org.mockito:mockito-junit-jupiter:jar:5.7.0:test (version managed from 5.7.0)
[DEBUG]       org.skyscreamer:jsonassert:jar:1.5.1:test (version managed from 1.5.1)
[DEBUG]          com.vaadin.external.google:android-json:jar:0.0.20131108.vaadin1:test
[DEBUG]       org.springframework:spring-core:jar:6.1.1:compile (version managed from 6.1.1)
[DEBUG]          org.springframework:spring-jcl:jar:6.1.1:compile (version managed from 6.1.1)
[DEBUG]       org.springframework:spring-test:jar:6.1.1:test (version managed from 6.1.1)
[DEBUG]       org.xmlunit:xmlunit-core:jar:2.9.1:test (version managed from 2.9.1)
[DEBUG]    com.google.code.gson:gson:jar:2.10.1:compile
[DEBUG]    javax.annotation:javax.annotation-api:jar:1.3.2:compile
[DEBUG]    com.astroservices:astro:jar:1.0:system
[DEBUG]    com.sweph:swisseph:jar:2.01.00-02:system
[INFO] 
[INFO] --- clean:3.3.2:clean (default-clean) @ astrocharts-backend ---
[DEBUG] Dependency collection stats {ConflictMarker.analyzeTime=23400, ConflictMarker.markTime=27800, ConflictMarker.nodeCount=2, ConflictIdSorter.graphTime=3200, ConflictIdSorter.topsortTime=5101, ConflictIdSorter.conflictIdCount=2, ConflictIdSorter.conflictIdCycleCount=0, ConflictResolver.totalTime=84000, ConflictResolver.conflictItemCount=2, DfDependencyCollector.collectTime=8869900, DfDependencyCollector.transformTime=152500}
[DEBUG] org.apache.maven.plugins:maven-clean-plugin:jar:3.3.2
[DEBUG]    org.codehaus.plexus:plexus-utils:jar:4.0.0:compile
[DEBUG] Created new class realm plugin>org.apache.maven.plugins:maven-clean-plugin:3.3.2
[DEBUG] Importing foreign packages into class realm plugin>org.apache.maven.plugins:maven-clean-plugin:3.3.2
[DEBUG]   Imported:  < maven.api
[DEBUG] Populating class realm plugin>org.apache.maven.plugins:maven-clean-plugin:3.3.2
[DEBUG]   Included: org.apache.maven.plugins:maven-clean-plugin:jar:3.3.2
[DEBUG]   Included: org.codehaus.plexus:plexus-utils:jar:4.0.0
[DEBUG] Loading mojo org.apache.maven.plugins:maven-clean-plugin:3.3.2:clean from plugin realm ClassRealm[plugin>org.apache.maven.plugins:maven-clean-plugin:3.3.2, parent: jdk.internal.loader.ClassLoaders$AppClassLoader@70dea4e]
[DEBUG] Configuring mojo execution 'org.apache.maven.plugins:maven-clean-plugin:3.3.2:clean:default-clean' with basic configurator -->
[DEBUG]   (f) directory = C:\Users\shamk\CascadeProjects\astrocharts\backend\target
[DEBUG]   (f) excludeDefaultDirectories = false
[DEBUG]   (f) failOnError = true
[DEBUG]   (f) fast = false
[DEBUG]   (f) fastMode = background
[DEBUG]   (f) followSymLinks = false
[DEBUG]   (f) outputDirectory = C:\Users\shamk\CascadeProjects\astrocharts\backend\target\classes
[DEBUG]   (f) reportDirectory = C:\Users\shamk\CascadeProjects\astrocharts\backend\target\classes
[DEBUG]   (f) retryOnError = true
[DEBUG]   (f) session = org.apache.maven.execution.MavenSession@30364216
[DEBUG]   (f) skip = false
[DEBUG]   (f) testOutputDirectory = C:\Users\shamk\CascadeProjects\astrocharts\backend\target\test-classes
[DEBUG] -- end configuration --
[INFO] Deleting C:\Users\shamk\CascadeProjects\astrocharts\backend\target
[INFO] Deleting file C:\Users\shamk\CascadeProjects\astrocharts\backend\target\maven-status\maven-compiler-plugin\compile\default-compile\inputFiles.lst
[INFO] Deleting file C:\Users\shamk\CascadeProjects\astrocharts\backend\target\maven-status\maven-compiler-plugin\compile\default-compile\createdFiles.lst
[INFO] Deleting directory C:\Users\shamk\CascadeProjects\astrocharts\backend\target\maven-status\maven-compiler-plugin\compile\default-compile
[INFO] Deleting directory C:\Users\shamk\CascadeProjects\astrocharts\backend\target\maven-status\maven-compiler-plugin\compile
[INFO] Deleting directory C:\Users\shamk\CascadeProjects\astrocharts\backend\target\maven-status\maven-compiler-plugin
[INFO] Deleting directory C:\Users\shamk\CascadeProjects\astrocharts\backend\target\maven-status
[INFO] Deleting directory C:\Users\shamk\CascadeProjects\astrocharts\backend\target\generated-sources\annotations
[INFO] Deleting directory C:\Users\shamk\CascadeProjects\astrocharts\backend\target\generated-sources
[INFO] Deleting file C:\Users\shamk\CascadeProjects\astrocharts\backend\target\classes\application.properties
[INFO] Deleting directory C:\Users\shamk\CascadeProjects\astrocharts\backend\target\classes
[INFO] Deleting directory C:\Users\shamk\CascadeProjects\astrocharts\backend\target
[DEBUG] Skipping non-existing directory C:\Users\shamk\CascadeProjects\astrocharts\backend\target\classes
[DEBUG] Skipping non-existing directory C:\Users\shamk\CascadeProjects\astrocharts\backend\target\test-classes
[DEBUG] Skipping non-existing directory C:\Users\shamk\CascadeProjects\astrocharts\backend\target\classes
[INFO] 
[INFO] --- resources:3.3.1:resources (default-resources) @ astrocharts-backend ---
[DEBUG] Dependency collection stats {ConflictMarker.analyzeTime=30800, ConflictMarker.markTime=15100, ConflictMarker.nodeCount=13, ConflictIdSorter.graphTime=7600, ConflictIdSorter.topsortTime=6300, ConflictIdSorter.conflictIdCount=9, ConflictIdSorter.conflictIdCycleCount=0, ConflictResolver.totalTime=138801, ConflictResolver.conflictItemCount=13, DfDependencyCollector.collectTime=36819000, DfDependencyCollector.transformTime=207899}
[DEBUG] org.apache.maven.plugins:maven-resources-plugin:jar:3.3.1
[DEBUG]    org.codehaus.plexus:plexus-interpolation:jar:1.26:runtime
[DEBUG]    org.codehaus.plexus:plexus-utils:jar:3.5.1:compile
[DEBUG]    org.apache.maven.shared:maven-filtering:jar:3.3.1:compile
[DEBUG]       javax.inject:javax.inject:jar:1:compile
[DEBUG]       org.slf4j:slf4j-api:jar:1.7.36:compile
[DEBUG]       org.sonatype.plexus:plexus-build-api:jar:0.0.7:compile
[DEBUG]    commons-io:commons-io:jar:2.11.0:compile
[DEBUG]    org.apache.commons:commons-lang3:jar:3.12.0:compile
[DEBUG] Created new class realm plugin>org.apache.maven.plugins:maven-resources-plugin:3.3.1
[DEBUG] Importing foreign packages into class realm plugin>org.apache.maven.plugins:maven-resources-plugin:3.3.1
[DEBUG]   Imported:  < maven.api
[DEBUG] Populating class realm plugin>org.apache.maven.plugins:maven-resources-plugin:3.3.1
[DEBUG]   Included: org.apache.maven.plugins:maven-resources-plugin:jar:3.3.1
[DEBUG]   Included: org.codehaus.plexus:plexus-interpolation:jar:1.26
[DEBUG]   Included: org.codehaus.plexus:plexus-utils:jar:3.5.1
[DEBUG]   Included: org.apache.maven.shared:maven-filtering:jar:3.3.1
[DEBUG]   Included: org.sonatype.plexus:plexus-build-api:jar:0.0.7
[DEBUG]   Included: commons-io:commons-io:jar:2.11.0
[DEBUG]   Included: org.apache.commons:commons-lang3:jar:3.12.0
[DEBUG] Loading mojo org.apache.maven.plugins:maven-resources-plugin:3.3.1:resources from plugin realm ClassRealm[plugin>org.apache.maven.plugins:maven-resources-plugin:3.3.1, parent: jdk.internal.loader.ClassLoaders$AppClassLoader@70dea4e]
[DEBUG] Configuring mojo execution 'org.apache.maven.plugins:maven-resources-plugin:3.3.1:resources:default-resources' with basic configurator -->
[DEBUG]   (f) addDefaultExcludes = true
[DEBUG]   (f) buildFilters = []
[DEBUG]   (s) delimiters = [@]
[DEBUG]   (f) encoding = UTF-8
[DEBUG]   (f) escapeWindowsPaths = true
[DEBUG]   (f) fileNameFiltering = false
[DEBUG]   (s) includeEmptyDirs = false
[DEBUG]   (s) outputDirectory = C:\Users\shamk\CascadeProjects\astrocharts\backend\target\classes
[DEBUG]   (s) overwrite = false
[DEBUG]   (f) project = MavenProject: com.astrocharts:astrocharts-backend:0.0.1-SNAPSHOT @ C:\Users\shamk\CascadeProjects\astrocharts\backend\pom.xml
[DEBUG]   (f) propertiesEncoding = UTF-8
[DEBUG]   (s) resources = [Resource {targetPath: null, filtering: true, FileSet {directory: C:\Users\shamk\CascadeProjects\astrocharts\backend\src\main\resources, PatternSet [includes: {**/application*.yml, **/application*.yaml, **/application*.properties}, excludes: {}]}}, Resource {targetPath: null, filtering: false, FileSet {directory: C:\Users\shamk\CascadeProjects\astrocharts\backend\src\main\resources, PatternSet [includes: {}, excludes: {**/application*.yml, **/application*.yaml, **/application*.properties}]}}]
[DEBUG]   (f) session = org.apache.maven.execution.MavenSession@30364216
[DEBUG]   (f) skip = false
[DEBUG]   (f) supportMultiLineFiltering = false
[DEBUG]   (f) useBuildFilters = true
[DEBUG]   (s) useDefaultDelimiters = false
[DEBUG] -- end configuration --
[DEBUG] properties used:
[DEBUG] activemq.version: 5.18.3
[DEBUG] angus-mail.version: 2.0.2
[DEBUG] artemis.version: 2.31.2
[DEBUG] aspectj.version: 1.9.20.1
[DEBUG] assertj.version: 3.24.2
[DEBUG] awaitility.version: 4.2.0
[DEBUG] brave.version: 5.16.0
[DEBUG] build-helper-maven-plugin.version: 3.4.0
[DEBUG] byte-buddy.version: 1.14.10
[DEBUG] cache2k.version: 2.6.1.Final
[DEBUG] caffeine.version: 3.1.8
[DEBUG] cassandra-driver.version: 4.17.0
[DEBUG] classmate.version: 1.6.0
[DEBUG] classworlds.conf: C:\ProgramData\chocolatey\lib\maven\apache-maven-3.9.9\bin\m2.conf
[DEBUG] commons-codec.version: 1.16.0
[DEBUG] commons-dbcp2.version: 2.10.0
[DEBUG] commons-lang3.version: 3.13.0
[DEBUG] commons-pool.version: 1.6
[DEBUG] commons-pool2.version: 2.12.0
[DEBUG] couchbase-client.version: 3.4.11
[DEBUG] crac.version: 1.4.0
[DEBUG] db2-jdbc.version: 11.5.9.0
[DEBUG] dependency-management-plugin.version: 1.1.4
[DEBUG] derby.version: 10.16.1.1
[DEBUG] dropwizard-metrics.version: 4.2.22
[DEBUG] ehcache3.version: 3.10.8
[DEBUG] elasticsearch-client.version: 8.10.4
[DEBUG] env.=C:: C:\Users\shamk\CascadeProjects\astrocharts\backend
[DEBUG] env.ALLUSERSPROFILE: C:\ProgramData
[DEBUG] env.APPDATA: C:\Users\shamk\AppData\Roaming
[DEBUG] env.CHOCOLATEYINSTALL: C:\ProgramData\chocolatey
[DEBUG] env.CHOCOLATEYLASTPATHUPDATE: 133927707725302509
[DEBUG] env.CHROME_CRASHPAD_PIPE_NAME: \\.\pipe\crashpad_26356_VTEOCGHOLNULCUOO
[DEBUG] env.CLASSWORLDS_JAR: "C:\ProgramData\chocolatey\lib\maven\apache-maven-3.9.9\boot\plexus-classworlds-2.8.0.jar"
[DEBUG] env.CLASSWORLDS_LAUNCHER: org.codehaus.plexus.classworlds.launcher.Launcher
[DEBUG] env.COLORTERM: truecolor
[DEBUG] env.COMMONPROGRAMFILES: C:\Program Files\Common Files
[DEBUG] env.COMMONPROGRAMFILES(X86): C:\Program Files (x86)\Common Files
[DEBUG] env.COMMONPROGRAMW6432: C:\Program Files\Common Files
[DEBUG] env.COMPUTERNAME: KHIDKI
[DEBUG] env.COMSPEC: C:\WINDOWS\system32\cmd.exe
[DEBUG] env.DRIVERDATA: C:\Windows\System32\Drivers\DriverData
[DEBUG] env.EFC_9880_1592913036: 1
[DEBUG] env.ERROR_CODE: 0
[DEBUG] env.EXEC_DIR: C:\Users\shamk\CascadeProjects\astrocharts\backend
[DEBUG] env.GOPATH: C:\Users\shamk\go
[DEBUG] env.HOMEDRIVE: C:
[DEBUG] env.HOMEPATH: \Users\shamk
[DEBUG] env.IGCCSVC_DB: AQAAANCMnd8BFdERjHoAwE/Cl+sBAAAAl3JV2izBi0ig/0eYU8apxwQAAAACAAAAAAAQZgAAAAEAACAAAACWAjoO9wqnDRMRpelGBYJwO7ROC6do2j8KfKmQvFjm2wAAAAAOgAAAAAIAACAAAABIZGyYaxRvTt/VE+cYb8lFC/k4DeXk5s5ihabVas8emWAAAACkyNBuUqEtsm7KWwqLwW3wqtxFKZY6ikIRV3uGkzJeorC5jxOgm4vyb5IZ5LTVcFsG+8vjQO2NYOYdUwHHB/bKo7Irqaad2kgkWbH3t7oqRhTiTQsBjsp7h19DmxYTeuBAAAAANWknGCjwOOk/eE9ECFnAsfTehGh8rAKIdFovociOX0eCTseGgn/oBFJXeWl67AlzJqDUFRiyjwbEvsyuHZgkJA==
[DEBUG] env.JAVACMD: C:\Program Files\Microsoft\jdk-21.0.6.7-hotspot\bin\java.exe
[DEBUG] env.JAVA_HOME: C:\Program Files\Microsoft\jdk-21.0.6.7-hotspot
[DEBUG] env.JVMCONFIG: \.mvn\jvm.config
[DEBUG] env.LANG: en_US.UTF-8
[DEBUG] env.LOCALAPPDATA: C:\Users\shamk\AppData\Local
[DEBUG] env.LOGONSERVER: \\KHIDKI
[DEBUG] env.MAVEN_CMD_LINE_ARGS: clean package -X -e
[DEBUG] env.MAVEN_HOME: C:\ProgramData\chocolatey\lib\maven\apache-maven-3.9.9
[DEBUG] env.MAVEN_PROJECTBASEDIR: C:\Users\shamk\CascadeProjects\astrocharts\backend
[DEBUG] env.NUMBER_OF_PROCESSORS: 24
[DEBUG] env.ONEDRIVE: C:\Users\shamk\OneDrive
[DEBUG] env.ONEDRIVECONSUMER: C:\Users\shamk\OneDrive
[DEBUG] env.ORIGINAL_XDG_CURRENT_DESKTOP: undefined
[DEBUG] env.OS: Windows_NT
[DEBUG] env.PAGER: cat
[DEBUG] env.PATH: C:\Python313\Scripts\;C:\Python313\;C:\Program Files\Microsoft\jdk-21.0.6.7-hotspot\bin;C:\Program Files\Microsoft\jdk-11.0.16.101-hotspot\bin;C:\WINDOWS\system32;C:\WINDOWS;C:\WINDOWS\System32\Wbem;C:\WINDOWS\System32\WindowsPowerShell\v1.0\;C:\WINDOWS\System32\OpenSSH\;C:\Program Files\dotnet\;C:\Program Files\Microsoft SQL Server\150\Tools\Binn\;C:\Program Files\Microsoft SQL Server\Client SDK\ODBC\170\Tools\Binn\;C:\Program Files\Docker\Docker\resources\bin;C:\Program Files\Go\bin;C:\Program Files (x86)\Windows Kits\10\Windows Performance Toolkit\;C:\Program Files\nodejs\;C:\ProgramData\chocolatey\bin;C:\ProgramData\chocolatey\lib\maven\apache-maven-3.9.9\bin;C:\Program Files\Microsoft\jdk-21.0.6.7-hotspot\bin;C:\Users\shamk\tsdll\astrodll\bin\Debug\net8.0;C:\Users\shamk\AppData\Local\Microsoft\WindowsApps;C:\Users\shamk\AppData\Local\Programs\Microsoft VS Code\bin;C:\Users\shamk\.dotnet\tools;C:\Users\shamk\go\bin;C:\Users\shamk\AppData\Roaming\npm;C:\Users\shamk\AppData\Local\GitHubDesktop\bin;C:\Users\shamk\AppData\Local\Programs\Windsurf\bin
[DEBUG] env.PATHEXT: .COM;.EXE;.BAT;.CMD;.VBS;.VBE;.JS;.JSE;.WSF;.WSH;.MSC;.PY;.PYW;.CPL
[DEBUG] env.PROCESSOR_ARCHITECTURE: AMD64
[DEBUG] env.PROCESSOR_IDENTIFIER: Intel64 Family 6 Model 183 Stepping 1, GenuineIntel
[DEBUG] env.PROCESSOR_LEVEL: 6
[DEBUG] env.PROCESSOR_REVISION: b701
[DEBUG] env.PROGRAMDATA: C:\ProgramData
[DEBUG] env.PROGRAMFILES: C:\Program Files
[DEBUG] env.PROGRAMFILES(X86): C:\Program Files (x86)
[DEBUG] env.PROGRAMW6432: C:\Program Files
[DEBUG] env.PROMPT: $P$G
[DEBUG] env.PSMODULEPATH: C:\Users\shamk\OneDrive\Documents\WindowsPowerShell\Modules;C:\Program Files\WindowsPowerShell\Modules;C:\WINDOWS\system32\WindowsPowerShell\v1.0\Modules
[DEBUG] env.PUBLIC: C:\Users\Public
[DEBUG] env.SESSIONNAME: Console
[DEBUG] env.SYSTEMDRIVE: C:
[DEBUG] env.SYSTEMROOT: C:\WINDOWS
[DEBUG] env.TEMP: C:\Users\shamk\AppData\Local\Temp
[DEBUG] env.TERM_PROGRAM: vscode
[DEBUG] env.TERM_PROGRAM_VERSION: 1.99.3
[DEBUG] env.TMP: C:\Users\shamk\AppData\Local\Temp
[DEBUG] env.USERDOMAIN: KHIDKI
[DEBUG] env.USERDOMAIN_ROAMINGPROFILE: KHIDKI
[DEBUG] env.USERNAME: shamk
[DEBUG] env.USERPROFILE: C:\Users\shamk
[DEBUG] env.VSCODE_INJECTION: 1
[DEBUG] env.WDIR: C:\Users\shamk\CascadeProjects\astrocharts\backend
[DEBUG] env.WINDIR: C:\WINDOWS
[DEBUG] env.ZES_ENABLE_SYSMAN: 1
[DEBUG] file.encoding: UTF-8
[DEBUG] file.separator: \
[DEBUG] flyway.version: 9.22.3
[DEBUG] freemarker.version: 2.3.32
[DEBUG] git-commit-id-maven-plugin.version: 6.0.0
[DEBUG] glassfish-jaxb.version: 4.0.4
[DEBUG] glassfish-jstl.version: 3.0.1
[DEBUG] graphql-java.version: 21.3
[DEBUG] groovy.version: 4.0.15
[DEBUG] gson.version: 2.10.1
[DEBUG] h2.version: 2.2.224
[DEBUG] hamcrest.version: 2.2
[DEBUG] hazelcast.version: 5.3.6
[DEBUG] hibernate-validator.version: 8.0.1.Final
[DEBUG] hibernate.version: 6.3.1.Final
[DEBUG] hikaricp.version: 5.0.1
[DEBUG] hsqldb.version: 2.7.2
[DEBUG] htmlunit.version: 2.70.0
[DEBUG] httpasyncclient.version: 4.1.5
[DEBUG] httpclient5.version: 5.2.1
[DEBUG] httpcore.version: 4.4.16
[DEBUG] httpcore5.version: 5.2.3
[DEBUG] infinispan.version: 14.0.21.Final
[DEBUG] influxdb-java.version: 2.23
[DEBUG] jackson-bom.version: 2.15.3
[DEBUG] jakarta-activation.version: 2.1.2
[DEBUG] jakarta-annotation.version: 2.1.1
[DEBUG] jakarta-jms.version: 3.1.0
[DEBUG] jakarta-json-bind.version: 3.0.0
[DEBUG] jakarta-json.version: 2.1.3
[DEBUG] jakarta-mail.version: 2.1.2
[DEBUG] jakarta-management.version: 1.1.4
[DEBUG] jakarta-persistence.version: 3.1.0
[DEBUG] jakarta-servlet-jsp-jstl.version: 3.0.0
[DEBUG] jakarta-servlet.version: 6.0.0
[DEBUG] jakarta-transaction.version: 2.0.1
[DEBUG] jakarta-validation.version: 3.0.2
[DEBUG] jakarta-websocket.version: 2.1.1
[DEBUG] jakarta-ws-rs.version: 3.1.0
[DEBUG] jakarta-xml-bind.version: 4.0.1
[DEBUG] jakarta-xml-soap.version: 3.0.1
[DEBUG] jakarta-xml-ws.version: 4.0.1
[DEBUG] janino.version: 3.1.10
[DEBUG] java.class.path: C:\ProgramData\chocolatey\lib\maven\apache-maven-3.9.9\boot\plexus-classworlds-2.8.0.jar
[DEBUG] java.class.version: 65.0
[DEBUG] java.home: C:\Program Files\Microsoft\jdk-21.0.6.7-hotspot
[DEBUG] java.io.tmpdir: C:\Users\shamk\AppData\Local\Temp\
[DEBUG] java.library.path: C:\Program Files\Microsoft\jdk-21.0.6.7-hotspot\bin;C:\WINDOWS\Sun\Java\bin;C:\WINDOWS\system32;C:\WINDOWS;C:\Python313\Scripts\;C:\Python313\;C:\Program Files\Microsoft\jdk-21.0.6.7-hotspot\bin;C:\Program Files\Microsoft\jdk-11.0.16.101-hotspot\bin;C:\WINDOWS\system32;C:\WINDOWS;C:\WINDOWS\System32\Wbem;C:\WINDOWS\System32\WindowsPowerShell\v1.0\;C:\WINDOWS\System32\OpenSSH\;C:\Program Files\dotnet\;C:\Program Files\Microsoft SQL Server\150\Tools\Binn\;C:\Program Files\Microsoft SQL Server\Client SDK\ODBC\170\Tools\Binn\;C:\Program Files\Docker\Docker\resources\bin;C:\Program Files\Go\bin;C:\Program Files (x86)\Windows Kits\10\Windows Performance Toolkit\;C:\Program Files\nodejs\;C:\ProgramData\chocolatey\bin;C:\ProgramData\chocolatey\lib\maven\apache-maven-3.9.9\bin;C:\Program Files\Microsoft\jdk-21.0.6.7-hotspot\bin;C:\Users\shamk\tsdll\astrodll\bin\Debug\net8.0;C:\Users\shamk\AppData\Local\Microsoft\WindowsApps;C:\Users\shamk\AppData\Local\Programs\Microsoft VS Code\bin;C:\Users\shamk\.dotnet\tools;C:\Users\shamk\go\bin;C:\Users\shamk\AppData\Roaming\npm;C:\Users\shamk\AppData\Local\GitHubDesktop\bin;C:\Users\shamk\AppData\Local\Programs\Windsurf\bin;.
[DEBUG] java.runtime.name: OpenJDK Runtime Environment
[DEBUG] java.runtime.version: 21.0.6+7-LTS
[DEBUG] java.specification.name: Java Platform API Specification
[DEBUG] java.specification.vendor: Oracle Corporation
[DEBUG] java.specification.version: 21
[DEBUG] java.vendor: Microsoft
[DEBUG] java.vendor.url: https://www.microsoft.com
[DEBUG] java.vendor.url.bug: https://github.com/microsoft/openjdk/issues
[DEBUG] java.vendor.version: Microsoft-10800203
[DEBUG] java.version: 21.0.6
[DEBUG] java.version.date: 2025-01-21
[DEBUG] java.vm.compressedOopsMode: Zero based
[DEBUG] java.vm.info: mixed mode, sharing
[DEBUG] java.vm.name: OpenJDK 64-Bit Server VM
[DEBUG] java.vm.specification.name: Java Virtual Machine Specification
[DEBUG] java.vm.specification.vendor: Oracle Corporation
[DEBUG] java.vm.specification.version: 21
[DEBUG] java.vm.vendor: Microsoft
[DEBUG] java.vm.version: 21.0.6+7-LTS
[DEBUG] javax-cache.version: 1.1.1
[DEBUG] javax-money.version: 1.1
[DEBUG] jaxen.version: 2.0.0
[DEBUG] jaybird.version: 5.0.2.java11
[DEBUG] jboss-logging.version: 3.5.3.Final
[DEBUG] jdk.debug: release
[DEBUG] jdom2.version: 2.0.6.1
[DEBUG] jedis.version: 5.0.2
[DEBUG] jersey.version: 3.1.3
[DEBUG] jetty-reactive-httpclient.version: 4.0.1
[DEBUG] jetty.version: 12.0.3
[DEBUG] jmustache.version: 1.15
[DEBUG] jooq.version: 3.18.7
[DEBUG] json-path.version: 2.8.0
[DEBUG] json-smart.version: 2.5.0
[DEBUG] jsonassert.version: 1.5.1
[DEBUG] jtds.version: 1.3.1
[DEBUG] junit-jupiter.version: 5.10.1
[DEBUG] junit.version: 4.13.2
[DEBUG] kafka.version: 3.6.0
[DEBUG] kotlin-coroutines.version: 1.7.3
[DEBUG] kotlin-serialization.version: 1.6.1
[DEBUG] kotlin.version: 1.9.20
[DEBUG] lettuce.version: 6.3.0.RELEASE
[DEBUG] library.jansi.path: C:\ProgramData\chocolatey\lib\maven\apache-maven-3.9.9\lib\jansi-native
[DEBUG] line.separator: 

[DEBUG] liquibase.version: 4.24.0
[DEBUG] log4j2.version: 2.21.1
[DEBUG] logback.version: 1.4.11
[DEBUG] lombok.version: 1.18.30
[DEBUG] mariadb.version: 3.2.0
[DEBUG] maven-antrun-plugin.version: 3.1.0
[DEBUG] maven-assembly-plugin.version: 3.6.0
[DEBUG] maven-clean-plugin.version: 3.3.2
[DEBUG] maven-compiler-plugin.version: 3.11.0
[DEBUG] maven-dependency-plugin.version: 3.6.1
[DEBUG] maven-deploy-plugin.version: 3.1.1
[DEBUG] maven-enforcer-plugin.version: 3.4.1
[DEBUG] maven-failsafe-plugin.version: 3.1.2
[DEBUG] maven-help-plugin.version: 3.4.0
[DEBUG] maven-install-plugin.version: 3.1.1
[DEBUG] maven-invoker-plugin.version: 3.6.0
[DEBUG] maven-jar-plugin.version: 3.3.0
[DEBUG] maven-javadoc-plugin.version: 3.6.2
[DEBUG] maven-resources-plugin.version: 3.3.1
[DEBUG] maven-shade-plugin.version: 3.5.1
[DEBUG] maven-source-plugin.version: 3.3.0
[DEBUG] maven-surefire-plugin.version: 3.1.2
[DEBUG] maven-war-plugin.version: 3.4.0
[DEBUG] maven.build.timestamp: 2025-06-19T05:15:36Z
[DEBUG] maven.build.version: Apache Maven 3.9.9 (8e8579a9e76f7d015ee5ec7bfcdc97d260186937)
[DEBUG] maven.compiler.release: 17
[DEBUG] maven.conf: C:\ProgramData\chocolatey\lib\maven\apache-maven-3.9.9/conf
[DEBUG] maven.home: C:\ProgramData\chocolatey\lib\maven\apache-maven-3.9.9
[DEBUG] maven.multiModuleProjectDirectory: C:\Users\shamk\CascadeProjects\astrocharts\backend
[DEBUG] maven.version: 3.9.9
[DEBUG] micrometer-tracing.version: 1.2.0
[DEBUG] micrometer.version: 1.12.0
[DEBUG] mockito.version: 5.7.0
[DEBUG] mongodb.version: 4.11.1
[DEBUG] mssql-jdbc.version: 12.4.2.jre11
[DEBUG] mysql.version: 8.1.0
[DEBUG] native-build-tools-plugin.version: 0.9.28
[DEBUG] native.encoding: Cp1252
[DEBUG] nekohtml.version: 1.9.22
[DEBUG] neo4j-java-driver.version: 5.13.0
[DEBUG] netty.version: 4.1.101.Final
[DEBUG] okhttp.version: 4.12.0
[DEBUG] opentelemetry.version: 1.31.0
[DEBUG] oracle-database.version: 23.3.0.23.09
[DEBUG] oracle-r2dbc.version: 1.1.1
[DEBUG] os.arch: amd64
[DEBUG] os.name: Windows 11
[DEBUG] os.version: 10.0
[DEBUG] path.separator: ;
[DEBUG] pooled-jms.version: 3.1.5
[DEBUG] postgresql.version: 42.6.0
[DEBUG] project.baseUri: file:/C:/Users/shamk/CascadeProjects/astrocharts/backend/
[DEBUG] project.build.sourceEncoding: UTF-8
[DEBUG] project.reporting.outputEncoding: UTF-8
[DEBUG] prometheus-client.version: 0.16.0
[DEBUG] pulsar-reactive.version: 0.5.0
[DEBUG] pulsar.version: 3.1.1
[DEBUG] quartz.version: 2.3.2
[DEBUG] querydsl.version: 5.0.0
[DEBUG] r2dbc-h2.version: 1.0.0.RELEASE
[DEBUG] r2dbc-mariadb.version: 1.1.4
[DEBUG] r2dbc-mssql.version: 1.0.2.RELEASE
[DEBUG] r2dbc-mysql.version: 1.0.5
[DEBUG] r2dbc-pool.version: 1.0.1.RELEASE
[DEBUG] r2dbc-postgresql.version: 1.0.2.RELEASE
[DEBUG] r2dbc-proxy.version: 1.1.2.RELEASE
[DEBUG] r2dbc-spi.version: 1.0.0.RELEASE
[DEBUG] rabbit-amqp-client.version: 5.19.0
[DEBUG] rabbit-stream-client.version: 0.14.0
[DEBUG] reactive-streams.version: 1.0.4
[DEBUG] reactor-bom.version: 2023.0.0
[DEBUG] resource.delimiter: @
[DEBUG] rest-assured.version: 5.3.2
[DEBUG] rsocket.version: 1.1.3
[DEBUG] rxjava3.version: 3.1.8
[DEBUG] saaj-impl.version: 3.0.3
[DEBUG] selenium-htmlunit.version: 4.13.0
[DEBUG] selenium.version: 4.14.1
[DEBUG] sendgrid.version: 4.9.3
[DEBUG] slf4j.version: 2.0.9
[DEBUG] snakeyaml.version: 2.2
[DEBUG] spring-amqp.version: 3.1.0
[DEBUG] spring-authorization-server.version: 1.2.0
[DEBUG] spring-batch.version: 5.1.0
[DEBUG] spring-data-bom.version: 2023.1.0
[DEBUG] spring-framework.version: 6.1.1
[DEBUG] spring-graphql.version: 1.2.4
[DEBUG] spring-hateoas.version: 2.2.0
[DEBUG] spring-integration.version: 6.2.0
[DEBUG] spring-kafka.version: 3.1.0
[DEBUG] spring-ldap.version: 3.2.0
[DEBUG] spring-pulsar.version: 1.0.0
[DEBUG] spring-restdocs.version: 3.0.1
[DEBUG] spring-retry.version: 2.0.4
[DEBUG] spring-security.version: 6.2.0
[DEBUG] spring-session.version: 3.2.0
[DEBUG] spring-ws.version: 4.0.8
[DEBUG] sqlite-jdbc.version: 3.43.2.0
[DEBUG] start-class: com.astrocharts.AstroChartsApplication
[DEBUG] stderr.encoding: Cp1252
[DEBUG] stdout.encoding: Cp1252
[DEBUG] sun.arch.data.model: 64
[DEBUG] sun.boot.library.path: C:\Program Files\Microsoft\jdk-21.0.6.7-hotspot\bin
[DEBUG] sun.cpu.endian: little
[DEBUG] sun.cpu.isalist: amd64
[DEBUG] sun.io.unicode.encoding: UnicodeLittle
[DEBUG] sun.java.command: org.codehaus.plexus.classworlds.launcher.Launcher clean package -X -e
[DEBUG] sun.java.launcher: SUN_STANDARD
[DEBUG] sun.jnu.encoding: Cp1252
[DEBUG] sun.management.compiler: HotSpot 64-Bit Tiered Compilers
[DEBUG] sun.os.patch.level: 
[DEBUG] testcontainers.version: 1.19.3
[DEBUG] thymeleaf-extras-data-attribute.version: 2.0.1
[DEBUG] thymeleaf-extras-springsecurity.version: 3.1.2.RELEASE
[DEBUG] thymeleaf-layout-dialect.version: 3.3.0
[DEBUG] thymeleaf.version: 3.1.2.RELEASE
[DEBUG] tomcat.version: 10.1.16
[DEBUG] unboundid-ldapsdk.version: 6.0.10
[DEBUG] undertow.version: 2.3.10.Final
[DEBUG] user.country: US
[DEBUG] user.dir: C:\Users\shamk\CascadeProjects\astrocharts\backend
[DEBUG] user.home: C:\Users\shamk
[DEBUG] user.language: en
[DEBUG] user.name: shamk
[DEBUG] user.script: 
[DEBUG] user.variant: 
[DEBUG] versions-maven-plugin.version: 2.16.2
[DEBUG] webjars-locator-core.version: 0.55
[DEBUG] wsdl4j.version: 1.6.3
[DEBUG] xml-maven-plugin.version: 1.1.0
[DEBUG] xmlunit2.version: 2.9.1
[DEBUG] yasson.version: 3.0.3
[DEBUG] Using 'UTF-8' encoding to copy filtered resources.
[DEBUG] Using 'UTF-8' encoding to copy filtered properties files.
[DEBUG] resource with targetPath null
directory C:\Users\shamk\CascadeProjects\astrocharts\backend\src\main\resources
excludes []
includes [**/application*.yml, **/application*.yaml, **/application*.properties]
[DEBUG] ignoreDelta true
[INFO] Copying 1 resource from src\main\resources to target\classes
[DEBUG] Copying file application.properties
[DEBUG] file application.properties has a filtered file extension
[DEBUG] Using 'UTF-8' encoding to copy filtered resource 'application.properties'.
[DEBUG] filtering C:\Users\shamk\CascadeProjects\astrocharts\backend\src\main\resources\application.properties to C:\Users\shamk\CascadeProjects\astrocharts\backend\target\classes\application.properties
[DEBUG] resource with targetPath null
directory C:\Users\shamk\CascadeProjects\astrocharts\backend\src\main\resources
excludes [**/application*.yml, **/application*.yaml, **/application*.properties]
includes []
[DEBUG] ignoreDelta true
[INFO] Copying 0 resource from src\main\resources to target\classes
[DEBUG] no user filter components
[INFO] 
[INFO] --- compiler:3.11.0:compile (default-compile) @ astrocharts-backend ---
[DEBUG] Using mirror maven-default-http-blocker (http://0.0.0.0/) for apache.snapshots (http://repository.apache.org/snapshots).
[DEBUG] Dependency collection stats {ConflictMarker.analyzeTime=31900, ConflictMarker.markTime=14100, ConflictMarker.nodeCount=17, ConflictIdSorter.graphTime=8801, ConflictIdSorter.topsortTime=8000, ConflictIdSorter.conflictIdCount=12, ConflictIdSorter.conflictIdCycleCount=0, ConflictResolver.totalTime=124399, ConflictResolver.conflictItemCount=17, DfDependencyCollector.collectTime=37997100, DfDependencyCollector.transformTime=197599}
[DEBUG] org.apache.maven.plugins:maven-compiler-plugin:jar:3.11.0
[DEBUG]    org.apache.maven.shared:maven-shared-utils:jar:3.3.4:compile
[DEBUG]       commons-io:commons-io:jar:2.6:compile
[DEBUG]    org.apache.maven.shared:maven-shared-incremental:jar:1.1:compile
[DEBUG]       org.codehaus.plexus:plexus-component-annotations:jar:1.5.5:compile
[DEBUG]    org.codehaus.plexus:plexus-java:jar:1.1.2:compile
[DEBUG]       org.ow2.asm:asm:jar:9.4:compile
[DEBUG]       com.thoughtworks.qdox:qdox:jar:2.0.3:compile (version managed from default)
[DEBUG]    org.codehaus.plexus:plexus-compiler-api:jar:2.13.0:compile
[DEBUG]       org.codehaus.plexus:plexus-utils:jar:3.5.0:compile (version managed from default)
[DEBUG]    org.codehaus.plexus:plexus-compiler-manager:jar:2.13.0:compile
[DEBUG]    org.codehaus.plexus:plexus-compiler-javac:jar:2.13.0:runtime
[DEBUG] Created new class realm plugin>org.apache.maven.plugins:maven-compiler-plugin:3.11.0
[DEBUG] Importing foreign packages into class realm plugin>org.apache.maven.plugins:maven-compiler-plugin:3.11.0
[DEBUG]   Imported:  < maven.api
[DEBUG] Populating class realm plugin>org.apache.maven.plugins:maven-compiler-plugin:3.11.0
[DEBUG]   Included: org.apache.maven.plugins:maven-compiler-plugin:jar:3.11.0
[DEBUG]   Included: org.apache.maven.shared:maven-shared-utils:jar:3.3.4
[DEBUG]   Included: commons-io:commons-io:jar:2.6
[DEBUG]   Included: org.apache.maven.shared:maven-shared-incremental:jar:1.1
[DEBUG]   Included: org.codehaus.plexus:plexus-component-annotations:jar:1.5.5
[DEBUG]   Included: org.codehaus.plexus:plexus-java:jar:1.1.2
[DEBUG]   Included: org.ow2.asm:asm:jar:9.4
[DEBUG]   Included: com.thoughtworks.qdox:qdox:jar:2.0.3
[DEBUG]   Included: org.codehaus.plexus:plexus-compiler-api:jar:2.13.0
[DEBUG]   Included: org.codehaus.plexus:plexus-utils:jar:3.5.0
[DEBUG]   Included: org.codehaus.plexus:plexus-compiler-manager:jar:2.13.0
[DEBUG]   Included: org.codehaus.plexus:plexus-compiler-javac:jar:2.13.0
[DEBUG] Loading mojo org.apache.maven.plugins:maven-compiler-plugin:3.11.0:compile from plugin realm ClassRealm[plugin>org.apache.maven.plugins:maven-compiler-plugin:3.11.0, parent: jdk.internal.loader.ClassLoaders$AppClassLoader@70dea4e]
[DEBUG] Configuring mojo execution 'org.apache.maven.plugins:maven-compiler-plugin:3.11.0:compile:default-compile' with basic configurator -->
[DEBUG]   (f) basedir = C:\Users\shamk\CascadeProjects\astrocharts\backend
[DEBUG]   (f) buildDirectory = C:\Users\shamk\CascadeProjects\astrocharts\backend\target
[DEBUG]   (f) compilePath = [C:\Users\shamk\CascadeProjects\astrocharts\backend\target\classes, C:\Users\shamk\.m2\repository\org\springframework\boot\spring-boot-starter-web\3.2.0\spring-boot-starter-web-3.2.0.jar, C:\Users\shamk\.m2\repository\org\springframework\boot\spring-boot-starter\3.2.0\spring-boot-starter-3.2.0.jar, C:\Users\shamk\.m2\repository\org\springframework\boot\spring-boot\3.2.0\spring-boot-3.2.0.jar, C:\Users\shamk\.m2\repository\org\springframework\boot\spring-boot-autoconfigure\3.2.0\spring-boot-autoconfigure-3.2.0.jar, C:\Users\shamk\.m2\repository\org\springframework\boot\spring-boot-starter-logging\3.2.0\spring-boot-starter-logging-3.2.0.jar, C:\Users\shamk\.m2\repository\ch\qos\logback\logback-classic\1.4.11\logback-classic-1.4.11.jar, C:\Users\shamk\.m2\repository\ch\qos\logback\logback-core\1.4.11\logback-core-1.4.11.jar, C:\Users\shamk\.m2\repository\org\apache\logging\log4j\log4j-to-slf4j\2.21.1\log4j-to-slf4j-2.21.1.jar, C:\Users\shamk\.m2\repository\org\apache\logging\log4j\log4j-api\2.21.1\log4j-api-2.21.1.jar, C:\Users\shamk\.m2\repository\org\slf4j\jul-to-slf4j\2.0.9\jul-to-slf4j-2.0.9.jar, C:\Users\shamk\.m2\repository\jakarta\annotation\jakarta.annotation-api\2.1.1\jakarta.annotation-api-2.1.1.jar, C:\Users\shamk\.m2\repository\org\yaml\snakeyaml\2.2\snakeyaml-2.2.jar, C:\Users\shamk\.m2\repository\org\springframework\boot\spring-boot-starter-json\3.2.0\spring-boot-starter-json-3.2.0.jar, C:\Users\shamk\.m2\repository\com\fasterxml\jackson\core\jackson-databind\2.15.3\jackson-databind-2.15.3.jar, C:\Users\shamk\.m2\repository\com\fasterxml\jackson\core\jackson-annotations\2.15.3\jackson-annotations-2.15.3.jar, C:\Users\shamk\.m2\repository\com\fasterxml\jackson\core\jackson-core\2.15.3\jackson-core-2.15.3.jar, C:\Users\shamk\.m2\repository\com\fasterxml\jackson\datatype\jackson-datatype-jdk8\2.15.3\jackson-datatype-jdk8-2.15.3.jar, C:\Users\shamk\.m2\repository\com\fasterxml\jackson\datatype\jackson-datatype-jsr310\2.15.3\jackson-datatype-jsr310-2.15.3.jar, C:\Users\shamk\.m2\repository\com\fasterxml\jackson\module\jackson-module-parameter-names\2.15.3\jackson-module-parameter-names-2.15.3.jar, C:\Users\shamk\.m2\repository\org\springframework\boot\spring-boot-starter-tomcat\3.2.0\spring-boot-starter-tomcat-3.2.0.jar, C:\Users\shamk\.m2\repository\org\apache\tomcat\embed\tomcat-embed-core\10.1.16\tomcat-embed-core-10.1.16.jar, C:\Users\shamk\.m2\repository\org\apache\tomcat\embed\tomcat-embed-el\10.1.16\tomcat-embed-el-10.1.16.jar, C:\Users\shamk\.m2\repository\org\apache\tomcat\embed\tomcat-embed-websocket\10.1.16\tomcat-embed-websocket-10.1.16.jar, C:\Users\shamk\.m2\repository\org\springframework\spring-web\6.1.1\spring-web-6.1.1.jar, C:\Users\shamk\.m2\repository\org\springframework\spring-beans\6.1.1\spring-beans-6.1.1.jar, C:\Users\shamk\.m2\repository\io\micrometer\micrometer-observation\1.12.0\micrometer-observation-1.12.0.jar, C:\Users\shamk\.m2\repository\io\micrometer\micrometer-commons\1.12.0\micrometer-commons-1.12.0.jar, C:\Users\shamk\.m2\repository\org\springframework\spring-webmvc\6.1.1\spring-webmvc-6.1.1.jar, C:\Users\shamk\.m2\repository\org\springframework\spring-aop\6.1.1\spring-aop-6.1.1.jar, C:\Users\shamk\.m2\repository\org\springframework\spring-context\6.1.1\spring-context-6.1.1.jar, C:\Users\shamk\.m2\repository\org\springframework\spring-expression\6.1.1\spring-expression-6.1.1.jar, C:\Users\shamk\.m2\repository\org\slf4j\slf4j-api\2.0.9\slf4j-api-2.0.9.jar, C:\Users\shamk\.m2\repository\org\springframework\spring-core\6.1.1\spring-core-6.1.1.jar, C:\Users\shamk\.m2\repository\org\springframework\spring-jcl\6.1.1\spring-jcl-6.1.1.jar, C:\Users\shamk\.m2\repository\com\google\code\gson\gson\2.10.1\gson-2.10.1.jar, C:\Users\shamk\.m2\repository\javax\annotation\javax.annotation-api\1.3.2\javax.annotation-api-1.3.2.jar, c:\Users\shamk\CascadeProjects\astrocharts\backend\lib\astro-1.0.jar, c:\Users\shamk\CascadeProjects\astrocharts\backend\lib\swisseph-2.01.00-02.jar]
[DEBUG]   (f) compileSourceRoots = [C:\Users\shamk\CascadeProjects\astrocharts\backend\src\main\java]
[DEBUG]   (f) compilerArgs = [-Xlint:all, -verbose]
[DEBUG]   (f) compilerId = javac
[DEBUG]   (f) createMissingPackageInfoClass = true
[DEBUG]   (f) debug = true
[DEBUG]   (f) debugFileName = javac
[DEBUG]   (f) enablePreview = false
[DEBUG]   (f) encoding = UTF-8
[DEBUG]   (f) failOnError = true
[DEBUG]   (f) failOnWarning = false
[DEBUG]   (f) forceJavacCompilerUse = true
[DEBUG]   (f) fork = false
[DEBUG]   (f) generatedSourcesDirectory = C:\Users\shamk\CascadeProjects\astrocharts\backend\target\generated-sources\annotations
[DEBUG]   (f) mojoExecution = org.apache.maven.plugins:maven-compiler-plugin:3.11.0:compile {execution: default-compile}
[DEBUG]   (f) optimize = false
[DEBUG]   (f) outputDirectory = C:\Users\shamk\CascadeProjects\astrocharts\backend\target\classes
[DEBUG]   (f) parameters = true
[DEBUG]   (f) project = MavenProject: com.astrocharts:astrocharts-backend:0.0.1-SNAPSHOT @ C:\Users\shamk\CascadeProjects\astrocharts\backend\pom.xml
[DEBUG]   (f) projectArtifact = com.astrocharts:astrocharts-backend:jar:0.0.1-SNAPSHOT
[DEBUG]   (s) release = 17
[DEBUG]   (f) session = org.apache.maven.execution.MavenSession@30364216
[DEBUG]   (f) showCompilationChanges = false
[DEBUG]   (f) showDeprecation = false
[DEBUG]   (f) showWarnings = true
[DEBUG]   (f) skipMultiThreadWarning = false
[DEBUG]   (f) source = 17
[DEBUG]   (f) staleMillis = 0
[DEBUG]   (s) target = 17
[DEBUG]   (f) useIncrementalCompilation = true
[DEBUG]   (f) verbose = false
[DEBUG] -- end configuration --
[DEBUG] Using compiler 'javac'.
[DEBUG] Adding C:\Users\shamk\CascadeProjects\astrocharts\backend\target\generated-sources\annotations to compile source roots:
  C:\Users\shamk\CascadeProjects\astrocharts\backend\src\main\java
[DEBUG] New compile source roots:
  C:\Users\shamk\CascadeProjects\astrocharts\backend\src\main\java
  C:\Users\shamk\CascadeProjects\astrocharts\backend\target\generated-sources\annotations
[DEBUG] CompilerReuseStrategy: reuseCreated
[DEBUG] useIncrementalCompilation enabled
[DEBUG] Stale source detected: C:\Users\shamk\CascadeProjects\astrocharts\backend\src\main\java\com\astrocharts\Commons.java
[DEBUG] Stale source detected: C:\Users\shamk\CascadeProjects\astrocharts\backend\src\main\java\com\astrocharts\dto\ChartDataResponse.java
[DEBUG] Stale source detected: C:\Users\shamk\CascadeProjects\astrocharts\backend\src\main\java\com\astrocharts\studies\PlanetaryIngressStudy.java
[DEBUG] Stale source detected: C:\Users\shamk\CascadeProjects\astrocharts\backend\src\main\java\com\astrocharts\dto\InstructionParams.java
[DEBUG] Stale source detected: C:\Users\shamk\CascadeProjects\astrocharts\backend\src\main\java\com\astrocharts\TickerList.java
[DEBUG] Stale source detected: C:\Users\shamk\CascadeProjects\astrocharts\backend\src\main\java\com\astrocharts\AstroChartsApplication.java
[DEBUG] Stale source detected: C:\Users\shamk\CascadeProjects\astrocharts\backend\src\main\java\com\astrocharts\DataParser.java
[DEBUG] Stale source detected: C:\Users\shamk\CascadeProjects\astrocharts\backend\src\main\java\com\astrocharts\studies\LongitudinalDistanceStudy.java
[DEBUG] Stale source detected: C:\Users\shamk\CascadeProjects\astrocharts\backend\src\main\java\com\astrocharts\AllListsManager.java
[DEBUG] Stale source detected: C:\Users\shamk\CascadeProjects\astrocharts\backend\src\main\java\com\astrocharts\dto\DatePair.java
[DEBUG] Stale source detected: C:\Users\shamk\CascadeProjects\astrocharts\backend\src\main\java\com\astrocharts\SymbolController.java
[DEBUG] Stale source detected: C:\Users\shamk\CascadeProjects\astrocharts\backend\src\main\java\com\astrocharts\SharedCacheService.java
[DEBUG] Stale source detected: C:\Users\shamk\CascadeProjects\astrocharts\backend\src\main\java\com\astrocharts\WebConfig.java
[DEBUG] Stale source detected: C:\Users\shamk\CascadeProjects\astrocharts\backend\src\main\java\com\astrocharts\dto\StudyResult.java
[DEBUG] Stale source detected: C:\Users\shamk\CascadeProjects\astrocharts\backend\src\main\java\com\astrocharts\FollowStudyController.java
[DEBUG] Stale source detected: C:\Users\shamk\CascadeProjects\astrocharts\backend\src\main\java\com\astrocharts\RowRecord.java
[DEBUG] Stale source detected: C:\Users\shamk\CascadeProjects\astrocharts\backend\src\main\java\com\astrocharts\dto\DataPoint.java
[DEBUG] Stale source detected: C:\Users\shamk\CascadeProjects\astrocharts\backend\src\main\java\com\astrocharts\dto\InstructionMeta.java
[DEBUG] Stale source detected: C:\Users\shamk\CascadeProjects\astrocharts\backend\src\main\java\com\astrocharts\studies\Study.java
[DEBUG] Stale source detected: C:\Users\shamk\CascadeProjects\astrocharts\backend\src\main\java\com\astrocharts\GlobalSettings.java
[DEBUG] Stale source detected: C:\Users\shamk\CascadeProjects\astrocharts\backend\src\main\java\com\astrocharts\dto\DrawingInstruction.java
[DEBUG] Stale source detected: C:\Users\shamk\CascadeProjects\astrocharts\backend\src\main\java\com\astrocharts\dto\InstructionStyle.java
[DEBUG] Stale source detected: C:\Users\shamk\CascadeProjects\astrocharts\backend\src\main\java\com\astrocharts\studies\StudyGroup.java
[INFO] Changes detected - recompiling the module! :source
[DEBUG] Classpath:
[DEBUG]  C:\Users\shamk\CascadeProjects\astrocharts\backend\target\classes
[DEBUG]  C:\Users\shamk\.m2\repository\org\springframework\boot\spring-boot-starter-web\3.2.0\spring-boot-starter-web-3.2.0.jar
[DEBUG]  C:\Users\shamk\.m2\repository\org\springframework\boot\spring-boot-starter\3.2.0\spring-boot-starter-3.2.0.jar
[DEBUG]  C:\Users\shamk\.m2\repository\org\springframework\boot\spring-boot\3.2.0\spring-boot-3.2.0.jar
[DEBUG]  C:\Users\shamk\.m2\repository\org\springframework\boot\spring-boot-autoconfigure\3.2.0\spring-boot-autoconfigure-3.2.0.jar
[DEBUG]  C:\Users\shamk\.m2\repository\org\springframework\boot\spring-boot-starter-logging\3.2.0\spring-boot-starter-logging-3.2.0.jar
[DEBUG]  C:\Users\shamk\.m2\repository\ch\qos\logback\logback-classic\1.4.11\logback-classic-1.4.11.jar
[DEBUG]  C:\Users\shamk\.m2\repository\ch\qos\logback\logback-core\1.4.11\logback-core-1.4.11.jar
[DEBUG]  C:\Users\shamk\.m2\repository\org\apache\logging\log4j\log4j-to-slf4j\2.21.1\log4j-to-slf4j-2.21.1.jar
[DEBUG]  C:\Users\shamk\.m2\repository\org\apache\logging\log4j\log4j-api\2.21.1\log4j-api-2.21.1.jar
[DEBUG]  C:\Users\shamk\.m2\repository\org\slf4j\jul-to-slf4j\2.0.9\jul-to-slf4j-2.0.9.jar
[DEBUG]  C:\Users\shamk\.m2\repository\jakarta\annotation\jakarta.annotation-api\2.1.1\jakarta.annotation-api-2.1.1.jar
[DEBUG]  C:\Users\shamk\.m2\repository\org\yaml\snakeyaml\2.2\snakeyaml-2.2.jar
[DEBUG]  C:\Users\shamk\.m2\repository\org\springframework\boot\spring-boot-starter-json\3.2.0\spring-boot-starter-json-3.2.0.jar
[DEBUG]  C:\Users\shamk\.m2\repository\com\fasterxml\jackson\core\jackson-databind\2.15.3\jackson-databind-2.15.3.jar
[DEBUG]  C:\Users\shamk\.m2\repository\com\fasterxml\jackson\core\jackson-annotations\2.15.3\jackson-annotations-2.15.3.jar
[DEBUG]  C:\Users\shamk\.m2\repository\com\fasterxml\jackson\core\jackson-core\2.15.3\jackson-core-2.15.3.jar
[DEBUG]  C:\Users\shamk\.m2\repository\com\fasterxml\jackson\datatype\jackson-datatype-jdk8\2.15.3\jackson-datatype-jdk8-2.15.3.jar
[DEBUG]  C:\Users\shamk\.m2\repository\com\fasterxml\jackson\datatype\jackson-datatype-jsr310\2.15.3\jackson-datatype-jsr310-2.15.3.jar
[DEBUG]  C:\Users\shamk\.m2\repository\com\fasterxml\jackson\module\jackson-module-parameter-names\2.15.3\jackson-module-parameter-names-2.15.3.jar
[DEBUG]  C:\Users\shamk\.m2\repository\org\springframework\boot\spring-boot-starter-tomcat\3.2.0\spring-boot-starter-tomcat-3.2.0.jar
[DEBUG]  C:\Users\shamk\.m2\repository\org\apache\tomcat\embed\tomcat-embed-core\10.1.16\tomcat-embed-core-10.1.16.jar
[DEBUG]  C:\Users\shamk\.m2\repository\org\apache\tomcat\embed\tomcat-embed-el\10.1.16\tomcat-embed-el-10.1.16.jar
[DEBUG]  C:\Users\shamk\.m2\repository\org\apache\tomcat\embed\tomcat-embed-websocket\10.1.16\tomcat-embed-websocket-10.1.16.jar
[DEBUG]  C:\Users\shamk\.m2\repository\org\springframework\spring-web\6.1.1\spring-web-6.1.1.jar
[DEBUG]  C:\Users\shamk\.m2\repository\org\springframework\spring-beans\6.1.1\spring-beans-6.1.1.jar
[DEBUG]  C:\Users\shamk\.m2\repository\io\micrometer\micrometer-observation\1.12.0\micrometer-observation-1.12.0.jar
[DEBUG]  C:\Users\shamk\.m2\repository\io\micrometer\micrometer-commons\1.12.0\micrometer-commons-1.12.0.jar
[DEBUG]  C:\Users\shamk\.m2\repository\org\springframework\spring-webmvc\6.1.1\spring-webmvc-6.1.1.jar
[DEBUG]  C:\Users\shamk\.m2\repository\org\springframework\spring-aop\6.1.1\spring-aop-6.1.1.jar
[DEBUG]  C:\Users\shamk\.m2\repository\org\springframework\spring-context\6.1.1\spring-context-6.1.1.jar
[DEBUG]  C:\Users\shamk\.m2\repository\org\springframework\spring-expression\6.1.1\spring-expression-6.1.1.jar
[DEBUG]  C:\Users\shamk\.m2\repository\org\slf4j\slf4j-api\2.0.9\slf4j-api-2.0.9.jar
[DEBUG]  C:\Users\shamk\.m2\repository\org\springframework\spring-core\6.1.1\spring-core-6.1.1.jar
[DEBUG]  C:\Users\shamk\.m2\repository\org\springframework\spring-jcl\6.1.1\spring-jcl-6.1.1.jar
[DEBUG]  C:\Users\shamk\.m2\repository\com\google\code\gson\gson\2.10.1\gson-2.10.1.jar
[DEBUG]  C:\Users\shamk\.m2\repository\javax\annotation\javax.annotation-api\1.3.2\javax.annotation-api-1.3.2.jar
[DEBUG]  c:\Users\shamk\CascadeProjects\astrocharts\backend\lib\astro-1.0.jar
[DEBUG]  c:\Users\shamk\CascadeProjects\astrocharts\backend\lib\swisseph-2.01.00-02.jar
[DEBUG] Source roots:
[DEBUG]  C:\Users\shamk\CascadeProjects\astrocharts\backend\src\main\java
[DEBUG]  C:\Users\shamk\CascadeProjects\astrocharts\backend\target\generated-sources\annotations
[DEBUG] Command line options:
[DEBUG] -d C:\Users\shamk\CascadeProjects\astrocharts\backend\target\classes -classpath C:\Users\shamk\CascadeProjects\astrocharts\backend\target\classes;C:\Users\shamk\.m2\repository\org\springframework\boot\spring-boot-starter-web\3.2.0\spring-boot-starter-web-3.2.0.jar;C:\Users\shamk\.m2\repository\org\springframework\boot\spring-boot-starter\3.2.0\spring-boot-starter-3.2.0.jar;C:\Users\shamk\.m2\repository\org\springframework\boot\spring-boot\3.2.0\spring-boot-3.2.0.jar;C:\Users\shamk\.m2\repository\org\springframework\boot\spring-boot-autoconfigure\3.2.0\spring-boot-autoconfigure-3.2.0.jar;C:\Users\shamk\.m2\repository\org\springframework\boot\spring-boot-starter-logging\3.2.0\spring-boot-starter-logging-3.2.0.jar;C:\Users\shamk\.m2\repository\ch\qos\logback\logback-classic\1.4.11\logback-classic-1.4.11.jar;C:\Users\shamk\.m2\repository\ch\qos\logback\logback-core\1.4.11\logback-core-1.4.11.jar;C:\Users\shamk\.m2\repository\org\apache\logging\log4j\log4j-to-slf4j\2.21.1\log4j-to-slf4j-2.21.1.jar;C:\Users\shamk\.m2\repository\org\apache\logging\log4j\log4j-api\2.21.1\log4j-api-2.21.1.jar;C:\Users\shamk\.m2\repository\org\slf4j\jul-to-slf4j\2.0.9\jul-to-slf4j-2.0.9.jar;C:\Users\shamk\.m2\repository\jakarta\annotation\jakarta.annotation-api\2.1.1\jakarta.annotation-api-2.1.1.jar;C:\Users\shamk\.m2\repository\org\yaml\snakeyaml\2.2\snakeyaml-2.2.jar;C:\Users\shamk\.m2\repository\org\springframework\boot\spring-boot-starter-json\3.2.0\spring-boot-starter-json-3.2.0.jar;C:\Users\shamk\.m2\repository\com\fasterxml\jackson\core\jackson-databind\2.15.3\jackson-databind-2.15.3.jar;C:\Users\shamk\.m2\repository\com\fasterxml\jackson\core\jackson-annotations\2.15.3\jackson-annotations-2.15.3.jar;C:\Users\shamk\.m2\repository\com\fasterxml\jackson\core\jackson-core\2.15.3\jackson-core-2.15.3.jar;C:\Users\shamk\.m2\repository\com\fasterxml\jackson\datatype\jackson-datatype-jdk8\2.15.3\jackson-datatype-jdk8-2.15.3.jar;C:\Users\shamk\.m2\repository\com\fasterxml\jackson\datatype\jackson-datatype-jsr310\2.15.3\jackson-datatype-jsr310-2.15.3.jar;C:\Users\shamk\.m2\repository\com\fasterxml\jackson\module\jackson-module-parameter-names\2.15.3\jackson-module-parameter-names-2.15.3.jar;C:\Users\shamk\.m2\repository\org\springframework\boot\spring-boot-starter-tomcat\3.2.0\spring-boot-starter-tomcat-3.2.0.jar;C:\Users\shamk\.m2\repository\org\apache\tomcat\embed\tomcat-embed-core\10.1.16\tomcat-embed-core-10.1.16.jar;C:\Users\shamk\.m2\repository\org\apache\tomcat\embed\tomcat-embed-el\10.1.16\tomcat-embed-el-10.1.16.jar;C:\Users\shamk\.m2\repository\org\apache\tomcat\embed\tomcat-embed-websocket\10.1.16\tomcat-embed-websocket-10.1.16.jar;C:\Users\shamk\.m2\repository\org\springframework\spring-web\6.1.1\spring-web-6.1.1.jar;C:\Users\shamk\.m2\repository\org\springframework\spring-beans\6.1.1\spring-beans-6.1.1.jar;C:\Users\shamk\.m2\repository\io\micrometer\micrometer-observation\1.12.0\micrometer-observation-1.12.0.jar;C:\Users\shamk\.m2\repository\io\micrometer\micrometer-commons\1.12.0\micrometer-commons-1.12.0.jar;C:\Users\shamk\.m2\repository\org\springframework\spring-webmvc\6.1.1\spring-webmvc-6.1.1.jar;C:\Users\shamk\.m2\repository\org\springframework\spring-aop\6.1.1\spring-aop-6.1.1.jar;C:\Users\shamk\.m2\repository\org\springframework\spring-context\6.1.1\spring-context-6.1.1.jar;C:\Users\shamk\.m2\repository\org\springframework\spring-expression\6.1.1\spring-expression-6.1.1.jar;C:\Users\shamk\.m2\repository\org\slf4j\slf4j-api\2.0.9\slf4j-api-2.0.9.jar;C:\Users\shamk\.m2\repository\org\springframework\spring-core\6.1.1\spring-core-6.1.1.jar;C:\Users\shamk\.m2\repository\org\springframework\spring-jcl\6.1.1\spring-jcl-6.1.1.jar;C:\Users\shamk\.m2\repository\com\google\code\gson\gson\2.10.1\gson-2.10.1.jar;C:\Users\shamk\.m2\repository\javax\annotation\javax.annotation-api\1.3.2\javax.annotation-api-1.3.2.jar;c:\Users\shamk\CascadeProjects\astrocharts\backend\lib\astro-1.0.jar;c:\Users\shamk\CascadeProjects\astrocharts\backend\lib\swisseph-2.01.00-02.jar; -sourcepath C:\Users\shamk\CascadeProjects\astrocharts\backend\src\main\java;C:\Users\shamk\CascadeProjects\astrocharts\backend\target\generated-sources\annotations; C:\Users\shamk\CascadeProjects\astrocharts\backend\src\main\java\com\astrocharts\dto\InstructionMeta.java C:\Users\shamk\CascadeProjects\astrocharts\backend\src\main\java\com\astrocharts\GlobalSettings.java C:\Users\shamk\CascadeProjects\astrocharts\backend\src\main\java\com\astrocharts\dto\ChartDataResponse.java C:\Users\shamk\CascadeProjects\astrocharts\backend\src\main\java\com\astrocharts\dto\StudyResult.java C:\Users\shamk\CascadeProjects\astrocharts\backend\src\main\java\com\astrocharts\SymbolController.java C:\Users\shamk\CascadeProjects\astrocharts\backend\src\main\java\com\astrocharts\Commons.java C:\Users\shamk\CascadeProjects\astrocharts\backend\src\main\java\com\astrocharts\AllListsManager.java C:\Users\shamk\CascadeProjects\astrocharts\backend\src\main\java\com\astrocharts\dto\DrawingInstruction.java C:\Users\shamk\CascadeProjects\astrocharts\backend\src\main\java\com\astrocharts\dto\InstructionParams.java C:\Users\shamk\CascadeProjects\astrocharts\backend\src\main\java\com\astrocharts\TickerList.java C:\Users\shamk\CascadeProjects\astrocharts\backend\src\main\java\com\astrocharts\SharedCacheService.java C:\Users\shamk\CascadeProjects\astrocharts\backend\src\main\java\com\astrocharts\dto\InstructionStyle.java C:\Users\shamk\CascadeProjects\astrocharts\backend\src\main\java\com\astrocharts\dto\DatePair.java C:\Users\shamk\CascadeProjects\astrocharts\backend\src\main\java\com\astrocharts\studies\Study.java C:\Users\shamk\CascadeProjects\astrocharts\backend\src\main\java\com\astrocharts\studies\PlanetaryIngressStudy.java C:\Users\shamk\CascadeProjects\astrocharts\backend\src\main\java\com\astrocharts\WebConfig.java C:\Users\shamk\CascadeProjects\astrocharts\backend\src\main\java\com\astrocharts\studies\LongitudinalDistanceStudy.java C:\Users\shamk\CascadeProjects\astrocharts\backend\src\main\java\com\astrocharts\dto\DataPoint.java C:\Users\shamk\CascadeProjects\astrocharts\backend\src\main\java\com\astrocharts\studies\StudyGroup.java C:\Users\shamk\CascadeProjects\astrocharts\backend\src\main\java\com\astrocharts\DataParser.java C:\Users\shamk\CascadeProjects\astrocharts\backend\src\main\java\com\astrocharts\AstroChartsApplication.java C:\Users\shamk\CascadeProjects\astrocharts\backend\src\main\java\com\astrocharts\RowRecord.java C:\Users\shamk\CascadeProjects\astrocharts\backend\src\main\java\com\astrocharts\FollowStudyController.java -s C:\Users\shamk\CascadeProjects\astrocharts\backend\target\generated-sources\annotations -g -parameters --release 17 -encoding UTF-8 -Xlint:all -verbose
[DEBUG] incrementalBuildHelper#beforeRebuildExecution
[INFO] Compiling 23 source files with javac [debug release 17] to target\classes
[DEBUG] ttcl changed run compileInProcessWithProperClassloader
[DEBUG] incrementalBuildHelper#afterRebuildExecution
[INFO] [parsing started SimpleFileObject[C:\Users\shamk\CascadeProjects\astrocharts\backend\src\main\java\com\astrocharts\dto\InstructionMeta.java]]
[INFO] [parsing completed 13ms]
[INFO] [parsing started SimpleFileObject[C:\Users\shamk\CascadeProjects\astrocharts\backend\src\main\java\com\astrocharts\GlobalSettings.java]]
[INFO] [parsing completed 7ms]
[INFO] [parsing started SimpleFileObject[C:\Users\shamk\CascadeProjects\astrocharts\backend\src\main\java\com\astrocharts\dto\ChartDataResponse.java]]
[INFO] [parsing completed 1ms]
[INFO] [parsing started SimpleFileObject[C:\Users\shamk\CascadeProjects\astrocharts\backend\src\main\java\com\astrocharts\dto\StudyResult.java]]
[INFO] [parsing completed 0ms]
[INFO] [parsing started SimpleFileObject[C:\Users\shamk\CascadeProjects\astrocharts\backend\src\main\java\com\astrocharts\SymbolController.java]]
[INFO] [parsing completed 1ms]
[INFO] [parsing started SimpleFileObject[C:\Users\shamk\CascadeProjects\astrocharts\backend\src\main\java\com\astrocharts\Commons.java]]
[INFO] [parsing completed 1ms]
[INFO] [parsing started SimpleFileObject[C:\Users\shamk\CascadeProjects\astrocharts\backend\src\main\java\com\astrocharts\AllListsManager.java]]
[INFO] [parsing completed 5ms]
[INFO] [parsing started SimpleFileObject[C:\Users\shamk\CascadeProjects\astrocharts\backend\src\main\java\com\astrocharts\dto\DrawingInstruction.java]]
[INFO] [parsing completed 1ms]
[INFO] [parsing started SimpleFileObject[C:\Users\shamk\CascadeProjects\astrocharts\backend\src\main\java\com\astrocharts\dto\InstructionParams.java]]
[INFO] [parsing completed 1ms]
[INFO] [parsing started SimpleFileObject[C:\Users\shamk\CascadeProjects\astrocharts\backend\src\main\java\com\astrocharts\TickerList.java]]
[INFO] [parsing completed 4ms]
[INFO] [parsing started SimpleFileObject[C:\Users\shamk\CascadeProjects\astrocharts\backend\src\main\java\com\astrocharts\SharedCacheService.java]]
[INFO] [parsing completed 0ms]
[INFO] [parsing started SimpleFileObject[C:\Users\shamk\CascadeProjects\astrocharts\backend\src\main\java\com\astrocharts\dto\InstructionStyle.java]]
[INFO] [parsing completed 1ms]
[INFO] [parsing started SimpleFileObject[C:\Users\shamk\CascadeProjects\astrocharts\backend\src\main\java\com\astrocharts\dto\DatePair.java]]
[INFO] [parsing completed 1ms]
[INFO] [parsing started SimpleFileObject[C:\Users\shamk\CascadeProjects\astrocharts\backend\src\main\java\com\astrocharts\studies\Study.java]]
[INFO] [parsing completed 1ms]
[INFO] [parsing started SimpleFileObject[C:\Users\shamk\CascadeProjects\astrocharts\backend\src\main\java\com\astrocharts\studies\PlanetaryIngressStudy.java]]
[INFO] [parsing completed 0ms]
[INFO] [parsing started SimpleFileObject[C:\Users\shamk\CascadeProjects\astrocharts\backend\src\main\java\com\astrocharts\WebConfig.java]]
[INFO] [parsing completed 1ms]
[INFO] [parsing started SimpleFileObject[C:\Users\shamk\CascadeProjects\astrocharts\backend\src\main\java\com\astrocharts\studies\LongitudinalDistanceStudy.java]]
[INFO] [parsing completed 1ms]
[INFO] [parsing started SimpleFileObject[C:\Users\shamk\CascadeProjects\astrocharts\backend\src\main\java\com\astrocharts\dto\DataPoint.java]]
[INFO] [parsing completed 0ms]
[INFO] [parsing started SimpleFileObject[C:\Users\shamk\CascadeProjects\astrocharts\backend\src\main\java\com\astrocharts\studies\StudyGroup.java]]
[INFO] [parsing completed 0ms]
[INFO] [parsing started SimpleFileObject[C:\Users\shamk\CascadeProjects\astrocharts\backend\src\main\java\com\astrocharts\DataParser.java]]
[INFO] [parsing completed 2ms]
[INFO] [parsing started SimpleFileObject[C:\Users\shamk\CascadeProjects\astrocharts\backend\src\main\java\com\astrocharts\AstroChartsApplication.java]]
[INFO] [parsing completed 3ms]
[INFO] [parsing started SimpleFileObject[C:\Users\shamk\CascadeProjects\astrocharts\backend\src\main\java\com\astrocharts\RowRecord.java]]
[INFO] [parsing completed 0ms]
[INFO] [parsing started SimpleFileObject[C:\Users\shamk\CascadeProjects\astrocharts\backend\src\main\java\com\astrocharts\FollowStudyController.java]]
[INFO] [parsing completed 0ms]
[INFO] [loading /H/java.base/module-info.sig]
[INFO] [loading /CDEFGHIJK/java.naming/module-info.sig]
[INFO] [loading /BCDEFGHIJK/jdk.accessibility/module-info.sig]
[INFO] [loading /BCDEFGHIJK/jdk.crypto.ec/module-info.sig]
[INFO] [loading /BCDEFGHIJK/jdk.management/module-info.sig]
[INFO] [loading /GHIJ/jdk.jpackage/module-info.sig]
[INFO] [loading /BCDEFGHIJK/java.xml/module-info.sig]
[INFO] [loading /HIJK/java.rmi/module-info.sig]
[INFO] [loading /BCDEFGHIJK/jdk.jcmd/module-info.sig]
[INFO] [loading /BCDEFGHIJK/java.sql/module-info.sig]
[INFO] [loading /EFGH/jdk.jlink/module-info.sig]
[INFO] [loading /BCDEFGHIJK/java.datatransfer/module-info.sig]
[INFO] [loading /BCDEFGHIJK/java.security.jgss/module-info.sig]
[INFO] [loading /BCDEFGHIJK/jdk.jstatd/module-info.sig]
[INFO] [loading /BCDEFGHIJK/java.smartcardio/module-info.sig]
[INFO] [loading /BCDEFGHIJK/java.sql.rowset/module-info.sig]
[INFO] [loading /GHI/jdk.compiler/module-info.sig]
[INFO] [loading /BCDEFGHIJK/java.desktop/module-info.sig]
[INFO] [loading /BCDEFGHIJ/jdk.jartool/module-info.sig]
[INFO] [loading /BCDEFGHIJK/jdk.zipfs/module-info.sig]
[INFO] [loading /BCDEFGHIJK/jdk.localedata/module-info.sig]
[INFO] [loading /GHIJ/jdk.incubator.vector/module-info.sig]
[INFO] [loading /BCDEFGHIJK/jdk.naming.dns/module-info.sig]
[INFO] [loading /BCDEFGHIJK/java.compiler/module-info.sig]
[INFO] [loading /EFGHI/jdk.incubator.foreign/module-info.sig]
[INFO] [loading /BCDEFGHIJK/java.transaction.xa/module-info.sig]
[INFO] [loading /EFGHIJK/jdk.jsobject/module-info.sig]
[INFO] [loading /BCDEFGHIJK/jdk.jdwp.agent/module-info.sig]
[INFO] [loading /FGHIJK/jdk.nio.mapmode/module-info.sig]
[INFO] [loading /BCDEFGHIJK/java.se/module-info.sig]
[INFO] [loading /BCDEFGHIJK/java.xml.crypto/module-info.sig]
[INFO] [loading /BCDEFGHIJK/java.net.http/module-info.sig]
[INFO] [loading /BCDEFGHIJK/java.management.rmi/module-info.sig]
[INFO] [loading /BCDEFGHIJK/jdk.jdeps/module-info.sig]
[INFO] [loading /GHIJK/jdk.javadoc/module-info.sig]
[INFO] [loading /BCDEFGHIJK/jdk.hotspot.agent/module-info.sig]
[INFO] [loading /BCDEFGHIJ/java.management/module-info.sig]
[INFO] [loading /GH/jdk.management.jfr/module-info.sig]
[INFO] [loading /BCDEFGHIJK/jdk.unsupported/module-info.sig]
[INFO] [loading /BCDEFGHIJK/jdk.naming.rmi/module-info.sig]
[INFO] [loading /BCDEFGHIJK/java.security.sasl/module-info.sig]
[INFO] [loading /BCDEFGHIJK/jdk.security.auth/module-info.sig]
[INFO] [loading /BCDEFGHIJK/java.scripting/module-info.sig]
[INFO] [loading /BCDEFGHIJK/jdk.sctp/module-info.sig]
[INFO] [loading /BCDEFGHIJK/jdk.attach/module-info.sig]
[INFO] [loading /BCDEFGHIJK/jdk.charsets/module-info.sig]
[INFO] [loading /BCDEFGHIJK/java.logging/module-info.sig]
[INFO] [loading /BCDEFGHIJK/jdk.jshell/module-info.sig]
[INFO] [loading /BCDEFGHIJK/jdk.crypto.cryptoki/module-info.sig]
[INFO] [loading /BCDEFGH/jdk.httpserver/module-info.sig]
[INFO] [loading /BCDEFGHIJK/java.instrument/module-info.sig]
[INFO] [loading /BCDEFGHIJK/jdk.security.jgss/module-info.sig]
[INFO] [loading /BCDEFGHIJK/jdk.jconsole/module-info.sig]
[INFO] [loading /BCDEFGHIJK/jdk.net/module-info.sig]
[INFO] [loading /BCDEFGHIJK/jdk.dynalink/module-info.sig]
[INFO] [loading /BCDEFGHIJK/jdk.jdi/module-info.sig]
[INFO] [loading /BCDEFGHIJK/jdk.editpad/module-info.sig]
[INFO] [loading /BCDEFGHI/jdk.management.agent/module-info.sig]
[INFO] [loading /BCDEFGHIJK/jdk.xml.dom/module-info.sig]
[INFO] [loading /GHIJK/jdk.jfr/module-info.sig]
[INFO] [loading /BCDEFGHIJK/java.prefs/module-info.sig]
[INFO] [search path for source files: C:\Users\shamk\CascadeProjects\astrocharts\backend\src\main\java,C:\Users\shamk\CascadeProjects\astrocharts\backend\target\generated-sources\annotations]
[INFO] [search path for class files: C:\Program Files\Microsoft\jdk-21.0.6.7-hotspot\lib\modules,C:\Users\shamk\CascadeProjects\astrocharts\backend\target\classes,C:\Users\shamk\.m2\repository\org\springframework\boot\spring-boot-starter-web\3.2.0\spring-boot-starter-web-3.2.0.jar,C:\Users\shamk\.m2\repository\org\springframework\boot\spring-boot-starter\3.2.0\spring-boot-starter-3.2.0.jar,C:\Users\shamk\.m2\repository\org\springframework\boot\spring-boot\3.2.0\spring-boot-3.2.0.jar,C:\Users\shamk\.m2\repository\org\springframework\boot\spring-boot-autoconfigure\3.2.0\spring-boot-autoconfigure-3.2.0.jar,C:\Users\shamk\.m2\repository\org\springframework\boot\spring-boot-starter-logging\3.2.0\spring-boot-starter-logging-3.2.0.jar,C:\Users\shamk\.m2\repository\ch\qos\logback\logback-classic\1.4.11\logback-classic-1.4.11.jar,C:\Users\shamk\.m2\repository\ch\qos\logback\logback-core\1.4.11\logback-core-1.4.11.jar,C:\Users\shamk\.m2\repository\org\apache\logging\log4j\log4j-to-slf4j\2.21.1\log4j-to-slf4j-2.21.1.jar,C:\Users\shamk\.m2\repository\org\apache\logging\log4j\log4j-api\2.21.1\log4j-api-2.21.1.jar,C:\Users\shamk\.m2\repository\org\slf4j\jul-to-slf4j\2.0.9\jul-to-slf4j-2.0.9.jar,C:\Users\shamk\.m2\repository\jakarta\annotation\jakarta.annotation-api\2.1.1\jakarta.annotation-api-2.1.1.jar,C:\Users\shamk\.m2\repository\org\yaml\snakeyaml\2.2\snakeyaml-2.2.jar,C:\Users\shamk\.m2\repository\org\springframework\boot\spring-boot-starter-json\3.2.0\spring-boot-starter-json-3.2.0.jar,C:\Users\shamk\.m2\repository\com\fasterxml\jackson\core\jackson-databind\2.15.3\jackson-databind-2.15.3.jar,C:\Users\shamk\.m2\repository\com\fasterxml\jackson\core\jackson-annotations\2.15.3\jackson-annotations-2.15.3.jar,C:\Users\shamk\.m2\repository\com\fasterxml\jackson\core\jackson-core\2.15.3\jackson-core-2.15.3.jar,C:\Users\shamk\.m2\repository\com\fasterxml\jackson\datatype\jackson-datatype-jdk8\2.15.3\jackson-datatype-jdk8-2.15.3.jar,C:\Users\shamk\.m2\repository\com\fasterxml\jackson\datatype\jackson-datatype-jsr310\2.15.3\jackson-datatype-jsr310-2.15.3.jar,C:\Users\shamk\.m2\repository\com\fasterxml\jackson\module\jackson-module-parameter-names\2.15.3\jackson-module-parameter-names-2.15.3.jar,C:\Users\shamk\.m2\repository\org\springframework\boot\spring-boot-starter-tomcat\3.2.0\spring-boot-starter-tomcat-3.2.0.jar,C:\Users\shamk\.m2\repository\org\apache\tomcat\embed\tomcat-embed-core\10.1.16\tomcat-embed-core-10.1.16.jar,C:\Users\shamk\.m2\repository\org\apache\tomcat\embed\tomcat-embed-el\10.1.16\tomcat-embed-el-10.1.16.jar,C:\Users\shamk\.m2\repository\org\apache\tomcat\embed\tomcat-embed-websocket\10.1.16\tomcat-embed-websocket-10.1.16.jar,C:\Users\shamk\.m2\repository\org\springframework\spring-web\6.1.1\spring-web-6.1.1.jar,C:\Users\shamk\.m2\repository\org\springframework\spring-beans\6.1.1\spring-beans-6.1.1.jar,C:\Users\shamk\.m2\repository\io\micrometer\micrometer-observation\1.12.0\micrometer-observation-1.12.0.jar,C:\Users\shamk\.m2\repository\io\micrometer\micrometer-commons\1.12.0\micrometer-commons-1.12.0.jar,C:\Users\shamk\.m2\repository\org\springframework\spring-webmvc\6.1.1\spring-webmvc-6.1.1.jar,C:\Users\shamk\.m2\repository\org\springframework\spring-aop\6.1.1\spring-aop-6.1.1.jar,C:\Users\shamk\.m2\repository\org\springframework\spring-context\6.1.1\spring-context-6.1.1.jar,C:\Users\shamk\.m2\repository\org\springframework\spring-expression\6.1.1\spring-expression-6.1.1.jar,C:\Users\shamk\.m2\repository\org\slf4j\slf4j-api\2.0.9\slf4j-api-2.0.9.jar,C:\Users\shamk\.m2\repository\org\springframework\spring-core\6.1.1\spring-core-6.1.1.jar,C:\Users\shamk\.m2\repository\org\springframework\spring-jcl\6.1.1\spring-jcl-6.1.1.jar,C:\Users\shamk\.m2\repository\com\google\code\gson\gson\2.10.1\gson-2.10.1.jar,C:\Users\shamk\.m2\repository\javax\annotation\javax.annotation-api\1.3.2\javax.annotation-api-1.3.2.jar,c:\Users\shamk\CascadeProjects\astrocharts\backend\lib\astro-1.0.jar,c:\Users\shamk\CascadeProjects\astrocharts\backend\lib\swisseph-2.01.00-02.jar,.]
[INFO] [loading /GH/java.base/java/lang/Object.sig]
[INFO] [loading /GHIJK/java.base/java/lang/String.sig]
[INFO] [loading /CDEFGH/java.base/java/lang/Enum.sig]
[INFO] [loading /CDEFGHIJK/java.base/java/lang/constant/Constable.sig]
[INFO] [loading /BCDEFGHIJK/java.base/java/lang/Comparable.sig]
[INFO] [loading /BCDEFGHIJK/java.base/java/io/Serializable.sig]
[INFO] [loading /BCDEFGHIJK/java.base/java/util/List.sig]
[INFO] [loading /GHI/java.base/java/lang/Integer.sig]
[INFO] [loading /GHIJK/java.base/java/lang/Boolean.sig]
[INFO] [loading /GHI/java.base/java/lang/Double.sig]
[INFO] [loading /BCDEFGHIJK/java.base/java/util/ArrayList.sig]
[INFO] [loading /BCDEFGHIJK/java.base/java/util/Date.sig]
[INFO] [loading /GHIJK/java.base/java/util/Arrays.sig]
[INFO] [loading C:\Users\shamk\.m2\repository\org\springframework\spring-web\6.1.1\spring-web-6.1.1.jar(/org/springframework/web/bind/annotation/CrossOrigin.class)]
[INFO] [loading C:\Users\shamk\.m2\repository\org\springframework\spring-web\6.1.1\spring-web-6.1.1.jar(/org/springframework/web/bind/annotation/RestController.class)]
[INFO] [loading C:\Users\shamk\.m2\repository\org\springframework\spring-web\6.1.1\spring-web-6.1.1.jar(/org/springframework/web/bind/annotation/GetMapping.class)]
[INFO] [loading C:\Users\shamk\.m2\repository\org\springframework\spring-beans\6.1.1\spring-beans-6.1.1.jar(/org/springframework/beans/factory/annotation/Autowired.class)]
[INFO] [loading C:\Users\shamk\.m2\repository\javax\annotation\javax.annotation-api\1.3.2\javax.annotation-api-1.3.2.jar(/javax/annotation/PostConstruct.class)]
[INFO] [loading C:\Users\shamk\.m2\repository\org\springframework\spring-context\6.1.1\spring-context-6.1.1.jar(/org/springframework/stereotype/Service.class)]
[INFO] [loading /BCDEFGHIJK/java.base/java/util/Map.sig]
[INFO] [loading /89ABCDEFGH/java.base/java/util/HashMap.sig]
[INFO] [loading /89ABCDEFGHIJK/java.base/java/util/Collections.sig]
[INFO] [loading /BCDEFGHIJK/java.base/java/util/Iterator.sig]
[INFO] [loading /BCDEFGHIJK/java.base/java/io/IOException.sig]
[INFO] [loading /HIJK/java.base/java/util/Map$Entry.sig]
[INFO] [loading /89ABCDEFGHIJK/java.base/java/io/BufferedReader.sig]
[INFO] [loading /BCDEFGHIJK/java.base/java/io/BufferedWriter.sig]
[INFO] [loading /BCDEFGHIJK/java.base/java/io/FileReader.sig]
[INFO] [loading /BCDEFGHIJK/java.base/java/io/FileWriter.sig]
[INFO] [loading C:\Users\shamk\.m2\repository\com\fasterxml\jackson\core\jackson-annotations\2.15.3\jackson-annotations-2.15.3.jar(/com/fasterxml/jackson/annotation/JsonProperty.class)]
[INFO] [loading C:\Users\shamk\.m2\repository\com\fasterxml\jackson\core\jackson-annotations\2.15.3\jackson-annotations-2.15.3.jar(/com/fasterxml/jackson/annotation/JsonSubTypes.class)]
[INFO] [loading C:\Users\shamk\.m2\repository\com\fasterxml\jackson\core\jackson-annotations\2.15.3\jackson-annotations-2.15.3.jar(/com/fasterxml/jackson/annotation/JsonTypeInfo.class)]
[INFO] [loading C:\Users\shamk\.m2\repository\org\springframework\spring-context\6.1.1\spring-context-6.1.1.jar(/org/springframework/context/annotation/Bean.class)]
[INFO] [loading C:\Users\shamk\.m2\repository\org\springframework\spring-context\6.1.1\spring-context-6.1.1.jar(/org/springframework/context/annotation/Configuration.class)]
[INFO] [loading C:\Users\shamk\.m2\repository\org\springframework\spring-webmvc\6.1.1\spring-webmvc-6.1.1.jar(/org/springframework/web/servlet/config/annotation/CorsRegistry.class)]
[INFO] [loading C:\Users\shamk\.m2\repository\org\springframework\spring-webmvc\6.1.1\spring-webmvc-6.1.1.jar(/org/springframework/web/servlet/config/annotation/WebMvcConfigurer.class)]
[INFO] [loading /BCDEFGHIJK/java.base/java/text/ParseException.sig]
[INFO] [loading /GHIJK/java.base/java/time/LocalDate.sig]
[INFO] [loading /ABCDEFGHI/java.base/java/time/format/DateTimeFormatter.sig]
[INFO] [loading C:\Users\shamk\.m2\repository\com\google\code\gson\gson\2.10.1\gson-2.10.1.jar(/com/google/gson/Gson.class)]
[INFO] [loading C:\Users\shamk\.m2\repository\com\google\code\gson\gson\2.10.1\gson-2.10.1.jar(/com/google/gson/JsonArray.class)]
[INFO] [loading C:\Users\shamk\.m2\repository\com\google\code\gson\gson\2.10.1\gson-2.10.1.jar(/com/google/gson/JsonElement.class)]
[INFO] [loading C:\Users\shamk\.m2\repository\com\google\code\gson\gson\2.10.1\gson-2.10.1.jar(/com/google/gson/JsonObject.class)]
[INFO] [loading /9ABCDEFGHIJK/java.base/java/io/File.sig]
[INFO] [loading /DEFGHIJK/java.base/java/text/SimpleDateFormat.sig]
[INFO] [loading C:\Users\shamk\.m2\repository\org\springframework\boot\spring-boot\3.2.0\spring-boot-3.2.0.jar(/org/springframework/boot/SpringApplication.class)]
[INFO] [loading C:\Users\shamk\.m2\repository\org\springframework\boot\spring-boot-autoconfigure\3.2.0\spring-boot-autoconfigure-3.2.0.jar(/org/springframework/boot/autoconfigure/SpringBootApplication.class)]
[INFO] [loading C:\Users\shamk\.m2\repository\org\springframework\spring-web\6.1.1\spring-web-6.1.1.jar(/org/springframework/web/bind/annotation/PostMapping.class)]
[INFO] [loading C:\Users\shamk\.m2\repository\org\springframework\spring-web\6.1.1\spring-web-6.1.1.jar(/org/springframework/web/bind/annotation/RequestBody.class)]
[INFO] [loading C:\Users\shamk\.m2\repository\org\springframework\spring-web\6.1.1\spring-web-6.1.1.jar(/org/springframework/web/bind/annotation/RequestMapping.class)]
[INFO] [loading C:\Users\shamk\.m2\repository\org\springframework\spring-web\6.1.1\spring-web-6.1.1.jar(/org/springframework/web/bind/annotation/RequestParam.class)]
[INFO] [loading C:\Users\shamk\.m2\repository\org\slf4j\slf4j-api\2.0.9\slf4j-api-2.0.9.jar(/org/slf4j/Logger.class)]
[INFO] [loading C:\Users\shamk\.m2\repository\org\slf4j\slf4j-api\2.0.9\slf4j-api-2.0.9.jar(/org/slf4j/LoggerFactory.class)]
[INFO] [loading /H/java.base/java/lang/Deprecated.sig]
[INFO] [loading /BCDEFGHIJK/java.base/java/lang/annotation/Target.sig]
[INFO] [loading /GHIJK/java.base/java/lang/annotation/ElementType.sig]
[INFO] [loading /BCDEFGHIJK/java.base/java/lang/annotation/Retention.sig]
[INFO] [loading /BCDEFGHIJK/java.base/java/lang/annotation/RetentionPolicy.sig]
[INFO] [loading C:\Users\shamk\.m2\repository\org\springframework\spring-core\6.1.1\spring-core-6.1.1.jar(/org/springframework/core/annotation/AliasFor.class)]
[INFO] [loading C:\Users\shamk\.m2\repository\org\springframework\spring-web\6.1.1\spring-web-6.1.1.jar(/org/springframework/web/bind/annotation/RequestMethod.class)]
[INFO] [loading /BCDEFGHIJK/java.base/java/lang/annotation/Annotation.sig]
[INFO] [loading C:\Users\shamk\.m2\repository\org\springframework\spring-web\6.1.1\spring-web-6.1.1.jar(/org/springframework/web/bind/annotation/PathVariable.class)]
[INFO] [loading C:\Users\shamk\.m2\repository\com\fasterxml\jackson\core\jackson-annotations\2.15.3\jackson-annotations-2.15.3.jar(/com/fasterxml/jackson/annotation/JsonProperty$Access.class)]
[INFO] [loading C:\Users\shamk\.m2\repository\com\fasterxml\jackson\core\jackson-annotations\2.15.3\jackson-annotations-2.15.3.jar(/com/fasterxml/jackson/annotation/JsonTypeInfo$As.class)]
[INFO] [loading C:\Users\shamk\.m2\repository\com\fasterxml\jackson\core\jackson-annotations\2.15.3\jackson-annotations-2.15.3.jar(/com/fasterxml/jackson/annotation/JsonTypeInfo$Id.class)]
[INFO] [loading C:\Users\shamk\.m2\repository\com\fasterxml\jackson\core\jackson-annotations\2.15.3\jackson-annotations-2.15.3.jar(/com/fasterxml/jackson/annotation/JsonSubTypes$Type.class)]
[INFO] [loading /HIJ/java.base/java/lang/Class.sig]
[INFO] [loading /BCDEFGHIJK/java.base/java/lang/Override.sig]
[INFO] [loading C:\Users\shamk\.m2\repository\org\springframework\spring-context\6.1.1\spring-context-6.1.1.jar(/org/springframework/context/annotation/ComponentScan.class)]
[INFO] [loading C:\Users\shamk\.m2\repository\org\springframework\spring-context\6.1.1\spring-context-6.1.1.jar(/org/springframework/context/annotation/ComponentScan$Filter.class)]
[INFO] [loading C:\Users\shamk\.m2\repository\org\springframework\spring-context\6.1.1\spring-context-6.1.1.jar(/org/springframework/context/annotation/FilterType.class)]
[INFO] [loading C:\Users\shamk\.m2\repository\org\springframework\spring-core\6.1.1\spring-core-6.1.1.jar(/org/springframework/aot/hint/annotation/Reflective.class)]
[INFO] [loading /BCDEFGHIJK/java.base/java/lang/annotation/Repeatable.sig]
[INFO] [loading C:\Users\shamk\.m2\repository\org\springframework\spring-context\6.1.1\spring-context-6.1.1.jar(/org/springframework/context/annotation/ScopedProxyMode.class)]
[INFO] [checking com.astrocharts.dto.InstructionMeta]
[INFO] [loading /BCDEFGHIJK/java.base/java/lang/AutoCloseable.sig]
[INFO] [checking com.astrocharts.GlobalSettings]
[INFO] [loading /GHIJK/java.base/java/lang/Byte.sig]
[INFO] [loading /GHIJK/java.base/java/lang/Character.sig]
[INFO] [loading /GHIJK/java.base/java/lang/Short.sig]
[INFO] [loading /GHI/java.base/java/lang/Long.sig]
[INFO] [loading /GHI/java.base/java/lang/Float.sig]
[INFO] [loading /BCDEFGHIJK/java.base/java/lang/Void.sig]
[INFO] [loading /GHIJK/java.base/java/util/Optional.sig]
[INFO] [loading /CDEFGHIJK/java.base/java/lang/Enum$EnumDesc.sig]
[INFO] [loading /HIJK/java.base/java/lang/constant/DynamicConstantDesc.sig]
[INFO] [loading /H/java.base/java/lang/constant/ConstantDesc.sig]
[INFO] [loading /BCDEFGHIJK/java.base/java/lang/CloneNotSupportedException.sig]
[INFO] [checking com.astrocharts.dto.ChartDataResponse]
[INFO] [checking com.astrocharts.RowRecord]
[INFO] [loading /FGHIJK/java.base/java/lang/CharSequence.sig]
[INFO] [loading /BCDEFGHIJK/java.base/java/lang/Number.sig]
[INFO] [checking com.astrocharts.dto.DrawingInstruction]
[INFO] [checking com.astrocharts.dto.InstructionParams]
[INFO] [checking com.astrocharts.dto.InstructionStyle]
[INFO] [checking com.astrocharts.dto.DataPoint]
[INFO] [checking com.astrocharts.dto.StudyResult]
[INFO] [loading /BCDEFGHIJK/java.base/java/util/Collection.sig]
[INFO] [loading /89ABCDEFGHIJK/java.base/java/util/AbstractList.sig]
[INFO] [loading /BCDEFGHIJK/java.base/java/util/AbstractCollection.sig]
[INFO] [loading /BCDEFGHIJK/java.base/java/lang/Iterable.sig]
[INFO] [checking com.astrocharts.dto.DatePair]
[INFO] [checking com.astrocharts.SymbolController]
[INFO] [loading /H/java.base/java/lang/System.sig]
[INFO] [loading /H/java.base/java/io/PrintStream.sig]
[INFO] [loading /BCDEFGHIJK/java.base/java/lang/Appendable.sig]
[INFO] [loading /BCDEFGHIJK/java.base/java/io/Closeable.sig]
[INFO] [loading /BCDEFGHIJK/java.base/java/io/FilterOutputStream.sig]
[INFO] [loading /BCDEFGHIJK/java.base/java/io/OutputStream.sig]
[INFO] [loading /BCDEFGHIJK/java.base/java/io/Flushable.sig]
[INFO] [checking com.astrocharts.SharedCacheService]
[INFO] [checking com.astrocharts.AllListsManager]
[INFO] [loading /DEFGHIJK/java.base/java/util/AbstractMap.sig]
[INFO] [loading /BCDEFGHIJK/java.base/java/lang/IllegalArgumentException.sig]
[INFO] [loading /89ABCDEFGHIJK/java.base/java/lang/Throwable.sig]
[INFO] [loading /BCDEFGHIJK/java.base/java/lang/RuntimeException.sig]
[INFO] [loading /BCDEFGHIJK/java.base/java/lang/Exception.sig]
[INFO] [loading /BCDEFGHIJK/java.base/java/util/Set.sig]
[INFO] [checking com.astrocharts.Commons]
[INFO] [checking com.astrocharts.TickerList]
[INFO] [loading /89ABCDEFGHIJK/java.base/java/io/FileDescriptor.sig]
[INFO] [loading /HIJK/java.base/java/io/InputStreamReader.sig]
[INFO] [loading /BCDEFGHIJK/java.base/java/io/Reader.sig]
[INFO] [loading /BCDEFGHIJK/java.base/java/lang/Readable.sig]
[INFO] [loading /BCDEFGHIJK/java.base/java/lang/Error.sig]
[INFO] [loading /BCDEFGHIJK/java.base/java/lang/InterruptedException.sig]
[INFO] [loading /BCDEFGHIJK/java.base/java/util/RandomAccess.sig]
[INFO] [loading /BCDEFGHIJK/java.base/java/lang/Cloneable.sig]
[INFO] [loading /GHIJK/java.base/java/lang/StringBuilder.sig]
[INFO] [loading /GH/java.base/java/lang/Math.sig]
[INFO] [loading /H/java.base/java/lang/AbstractStringBuilder.sig]
[INFO] [loading /GHIJK/java.base/java/lang/StringBuffer.sig]
[INFO] [loading /BCDEFGHIJK/java.base/java/io/OutputStreamWriter.sig]
[INFO] [loading /BCDEFGHIJK/java.base/java/io/Writer.sig]
[INFO] [checking com.astrocharts.studies.Study]
[INFO] [checking com.astrocharts.studies.PlanetaryIngressStudy]
[INFO] [loading /DEFGHIJK/java.base/java/text/DateFormat.sig]
[INFO] [loading /DEFGHIJK/java.base/java/text/Format.sig]
[INFO] [checking com.astrocharts.WebConfig]
[INFO] [loading C:\Users\shamk\.m2\repository\org\springframework\spring-webmvc\6.1.1\spring-webmvc-6.1.1.jar(/org/springframework/web/servlet/config/annotation/CorsRegistration.class)]
[INFO] [checking com.astrocharts.studies.LongitudinalDistanceStudy]
[INFO] [loading /BCDEFGHIJK/java.base/java/time/temporal/Temporal.sig]
[INFO] [loading /BCDEFGHIJK/java.base/java/time/temporal/TemporalAccessor.sig]
[INFO] [loading /BCDEFGHIJK/java.base/java/time/temporal/TemporalAdjuster.sig]
[INFO] [loading /H/java.base/java/time/chrono/ChronoLocalDate.sig]
[INFO] [checking com.astrocharts.studies.StudyGroup]
[INFO] [checking com.astrocharts.DataParser]
[INFO] [loading /89ABCDEFGH/java.base/java/nio/charset/Charset.sig]
[INFO] [loading /9ABCDEFGHIJK/java.base/java/net/URI.sig]
[INFO] [loading C:\Users\shamk\.m2\repository\com\google\code\gson\gson\2.10.1\gson-2.10.1.jar(/com/google/gson/reflect/TypeToken.class)]
[INFO] [loading C:\Users\shamk\.m2\repository\com\google\code\gson\gson\2.10.1\gson-2.10.1.jar(/com/google/gson/JsonSyntaxException.class)]
[INFO] [loading C:\Users\shamk\.m2\repository\com\google\code\gson\gson\2.10.1\gson-2.10.1.jar(/com/google/gson/JsonIOException.class)]
[INFO] [loading C:\Users\shamk\.m2\repository\com\google\code\gson\gson\2.10.1\gson-2.10.1.jar(/com/google/gson/stream/JsonReader.class)]
[INFO] [loading /BCDEFGHIJK/java.base/java/lang/reflect/Type.sig]
[INFO] [loading /CDEFGHIJK/java.base/java/lang/invoke/TypeDescriptor.sig]
[INFO] [loading /CDEFGHIJK/java.base/java/lang/invoke/TypeDescriptor$OfField.sig]
[INFO] [loading /BCDEFGHIJK/java.base/java/lang/reflect/GenericDeclaration.sig]
[INFO] [loading /H/java.base/java/lang/reflect/AnnotatedElement.sig]
[INFO] [checking com.astrocharts.AstroChartsApplication]
[INFO] [loading C:\Users\shamk\.m2\repository\org\springframework\spring-context\6.1.1\spring-context-6.1.1.jar(/org/springframework/context/ConfigurableApplicationContext.class)]
[INFO] [checking com.astrocharts.FollowStudyController]
[INFO] [loading C:\Users\shamk\.m2\repository\org\slf4j\slf4j-api\2.0.9\slf4j-api-2.0.9.jar(/org/slf4j/Marker.class)]
[INFO] [loading /DEFGHI/java.base/java/util/Locale.sig]
[INFO] [total 624ms]
[INFO] -------------------------------------------------------------
[ERROR] COMPILATION ERROR : 
[INFO] -------------------------------------------------------------
[ERROR] C:\Users\shamk\CascadeProjects\astrocharts\backend\src\main\java\com\astrocharts\studies\LongitudinalDistanceStudy.java:[11,24] error: package com.astroservices does not exist
[ERROR] C:\Users\shamk\CascadeProjects\astrocharts\backend\src\main\java\com\astrocharts\studies\LongitudinalDistanceStudy.java:[12,16] error: package com.sweph does not exist
[ERROR] C:\Users\shamk\CascadeProjects\astrocharts\backend\src\main\java\com\astrocharts\studies\LongitudinalDistanceStudy.java:[21,39] error: cannot find symbol
  symbol:   variable SweConst
  location: class LongitudinalDistanceStudy
[ERROR] C:\Users\shamk\CascadeProjects\astrocharts\backend\src\main\java\com\astrocharts\studies\LongitudinalDistanceStudy.java:[22,40] error: cannot find symbol
  symbol:   variable SweConst
  location: class LongitudinalDistanceStudy
[ERROR] C:\Users\shamk\CascadeProjects\astrocharts\backend\src\main\java\com\astrocharts\studies\LongitudinalDistanceStudy.java:[23,43] error: cannot find symbol
  symbol:   variable SweConst
  location: class LongitudinalDistanceStudy
[ERROR] C:\Users\shamk\CascadeProjects\astrocharts\backend\src\main\java\com\astrocharts\studies\LongitudinalDistanceStudy.java:[24,41] error: cannot find symbol
  symbol:   variable SweConst
  location: class LongitudinalDistanceStudy
[ERROR] C:\Users\shamk\CascadeProjects\astrocharts\backend\src\main\java\com\astrocharts\studies\LongitudinalDistanceStudy.java:[25,40] error: cannot find symbol
  symbol:   variable SweConst
  location: class LongitudinalDistanceStudy
[ERROR] C:\Users\shamk\CascadeProjects\astrocharts\backend\src\main\java\com\astrocharts\studies\LongitudinalDistanceStudy.java:[26,43] error: cannot find symbol
  symbol:   variable SweConst
  location: class LongitudinalDistanceStudy
[ERROR] C:\Users\shamk\CascadeProjects\astrocharts\backend\src\main\java\com\astrocharts\studies\LongitudinalDistanceStudy.java:[27,42] error: cannot find symbol
  symbol:   variable SweConst
  location: class LongitudinalDistanceStudy
[ERROR] C:\Users\shamk\CascadeProjects\astrocharts\backend\src\main\java\com\astrocharts\studies\LongitudinalDistanceStudy.java:[28,42] error: cannot find symbol
  symbol:   variable SweConst
  location: class LongitudinalDistanceStudy
[ERROR] C:\Users\shamk\CascadeProjects\astrocharts\backend\src\main\java\com\astrocharts\studies\LongitudinalDistanceStudy.java:[29,43] error: cannot find symbol
  symbol:   variable SweConst
  location: class LongitudinalDistanceStudy
[ERROR] C:\Users\shamk\CascadeProjects\astrocharts\backend\src\main\java\com\astrocharts\studies\LongitudinalDistanceStudy.java:[30,41] error: cannot find symbol
  symbol:   variable SweConst
  location: class LongitudinalDistanceStudy
[ERROR] C:\Users\shamk\CascadeProjects\astrocharts\backend\src\main\java\com\astrocharts\studies\LongitudinalDistanceStudy.java:[31,40] error: cannot find symbol
  symbol:   variable SweConst
  location: class LongitudinalDistanceStudy
[ERROR] C:\Users\shamk\CascadeProjects\astrocharts\backend\src\main\java\com\astrocharts\studies\LongitudinalDistanceStudy.java:[52,8] error: cannot find symbol
  symbol:   class AstroServices
  location: class LongitudinalDistanceStudy
[ERROR] C:\Users\shamk\CascadeProjects\astrocharts\backend\src\main\java\com\astrocharts\studies\LongitudinalDistanceStudy.java:[52,42] error: cannot find symbol
  symbol:   class AstroServices
  location: class LongitudinalDistanceStudy
[INFO] 15 errors 
[INFO] -------------------------------------------------------------
[INFO] ------------------------------------------------------------------------
[INFO] BUILD FAILURE
[INFO] ------------------------------------------------------------------------
[INFO] Total time:  1.636 s
[INFO] Finished at: 2025-06-18T22:15:37-07:00
[INFO] ------------------------------------------------------------------------
[ERROR] Failed to execute goal org.apache.maven.plugins:maven-compiler-plugin:3.11.0:compile (default-compile) on project astrocharts-backend: Compilation failure: Compilation failure: 
[ERROR] C:\Users\shamk\CascadeProjects\astrocharts\backend\src\main\java\com\astrocharts\studies\LongitudinalDistanceStudy.java:[11,24] error: package com.astroservices does not exist
[ERROR] C:\Users\shamk\CascadeProjects\astrocharts\backend\src\main\java\com\astrocharts\studies\LongitudinalDistanceStudy.java:[12,16] error: package com.sweph does not exist
[ERROR] C:\Users\shamk\CascadeProjects\astrocharts\backend\src\main\java\com\astrocharts\studies\LongitudinalDistanceStudy.java:[21,39] error: cannot find symbol
[ERROR]   symbol:   variable SweConst
[ERROR]   location: class LongitudinalDistanceStudy
[ERROR] C:\Users\shamk\CascadeProjects\astrocharts\backend\src\main\java\com\astrocharts\studies\LongitudinalDistanceStudy.java:[22,40] error: cannot find symbol
[ERROR]   symbol:   variable SweConst
[ERROR]   location: class LongitudinalDistanceStudy
[ERROR] C:\Users\shamk\CascadeProjects\astrocharts\backend\src\main\java\com\astrocharts\studies\LongitudinalDistanceStudy.java:[23,43] error: cannot find symbol
[ERROR]   symbol:   variable SweConst
[ERROR]   location: class LongitudinalDistanceStudy
[ERROR] C:\Users\shamk\CascadeProjects\astrocharts\backend\src\main\java\com\astrocharts\studies\LongitudinalDistanceStudy.java:[24,41] error: cannot find symbol
[ERROR]   symbol:   variable SweConst
[ERROR]   location: class LongitudinalDistanceStudy
[ERROR] C:\Users\shamk\CascadeProjects\astrocharts\backend\src\main\java\com\astrocharts\studies\LongitudinalDistanceStudy.java:[25,40] error: cannot find symbol
[ERROR]   symbol:   variable SweConst
[ERROR]   location: class LongitudinalDistanceStudy
[ERROR] C:\Users\shamk\CascadeProjects\astrocharts\backend\src\main\java\com\astrocharts\studies\LongitudinalDistanceStudy.java:[26,43] error: cannot find symbol
[ERROR]   symbol:   variable SweConst
[ERROR]   location: class LongitudinalDistanceStudy
[ERROR] C:\Users\shamk\CascadeProjects\astrocharts\backend\src\main\java\com\astrocharts\studies\LongitudinalDistanceStudy.java:[27,42] error: cannot find symbol
[ERROR]   symbol:   variable SweConst
[ERROR]   location: class LongitudinalDistanceStudy
[ERROR] C:\Users\shamk\CascadeProjects\astrocharts\backend\src\main\java\com\astrocharts\studies\LongitudinalDistanceStudy.java:[28,42] error: cannot find symbol
[ERROR]   symbol:   variable SweConst
[ERROR]   location: class LongitudinalDistanceStudy
[ERROR] C:\Users\shamk\CascadeProjects\astrocharts\backend\src\main\java\com\astrocharts\studies\LongitudinalDistanceStudy.java:[29,43] error: cannot find symbol
[ERROR]   symbol:   variable SweConst
[ERROR]   location: class LongitudinalDistanceStudy
[ERROR] C:\Users\shamk\CascadeProjects\astrocharts\backend\src\main\java\com\astrocharts\studies\LongitudinalDistanceStudy.java:[30,41] error: cannot find symbol
[ERROR]   symbol:   variable SweConst
[ERROR]   location: class LongitudinalDistanceStudy
[ERROR] C:\Users\shamk\CascadeProjects\astrocharts\backend\src\main\java\com\astrocharts\studies\LongitudinalDistanceStudy.java:[31,40] error: cannot find symbol
[ERROR]   symbol:   variable SweConst
[ERROR]   location: class LongitudinalDistanceStudy
[ERROR] C:\Users\shamk\CascadeProjects\astrocharts\backend\src\main\java\com\astrocharts\studies\LongitudinalDistanceStudy.java:[52,8] error: cannot find symbol
[ERROR]   symbol:   class AstroServices
[ERROR]   location: class LongitudinalDistanceStudy
[ERROR] C:\Users\shamk\CascadeProjects\astrocharts\backend\src\main\java\com\astrocharts\studies\LongitudinalDistanceStudy.java:[52,42] error: cannot find symbol
[ERROR]   symbol:   class AstroServices
[ERROR]   location: class LongitudinalDistanceStudy
[ERROR] -> [Help 1]
org.apache.maven.lifecycle.LifecycleExecutionException: Failed to execute goal org.apache.maven.plugins:maven-compiler-plugin:3.11.0:compile (default-compile) on project astrocharts-backend: Compilation failure
    at org.apache.maven.lifecycle.internal.MojoExecutor.doExecute2 (MojoExecutor.java:333)
    at org.apache.maven.lifecycle.internal.MojoExecutor.doExecute (MojoExecutor.java:316)
    at org.apache.maven.lifecycle.internal.MojoExecutor.execute (MojoExecutor.java:212)
    at org.apache.maven.lifecycle.internal.MojoExecutor.execute (MojoExecutor.java:174)
    at org.apache.maven.lifecycle.internal.MojoExecutor.access$000 (MojoExecutor.java:75)
    at org.apache.maven.lifecycle.internal.MojoExecutor$1.run (MojoExecutor.java:162)
    at org.apache.maven.plugin.DefaultMojosExecutionStrategy.execute (DefaultMojosExecutionStrategy.java:39)
    at org.apache.maven.lifecycle.internal.MojoExecutor.execute (MojoExecutor.java:159)
    at org.apache.maven.lifecycle.internal.LifecycleModuleBuilder.buildProject (LifecycleModuleBuilder.java:105)
    at org.apache.maven.lifecycle.internal.LifecycleModuleBuilder.buildProject (LifecycleModuleBuilder.java:73)
    at org.apache.maven.lifecycle.internal.builder.singlethreaded.SingleThreadedBuilder.build (SingleThreadedBuilder.java:53)
    at org.apache.maven.lifecycle.internal.LifecycleStarter.execute (LifecycleStarter.java:118)
    at org.apache.maven.DefaultMaven.doExecute (DefaultMaven.java:261)
    at org.apache.maven.DefaultMaven.doExecute (DefaultMaven.java:173)
    at org.apache.maven.DefaultMaven.execute (DefaultMaven.java:101)
    at org.apache.maven.cli.MavenCli.execute (MavenCli.java:906)
    at org.apache.maven.cli.MavenCli.doMain (MavenCli.java:283)
    at org.apache.maven.cli.MavenCli.main (MavenCli.java:206)
    at jdk.internal.reflect.DirectMethodHandleAccessor.invoke (DirectMethodHandleAccessor.java:103)
    at java.lang.reflect.Method.invoke (Method.java:580)
    at org.codehaus.plexus.classworlds.launcher.Launcher.launchEnhanced (Launcher.java:255)
    at org.codehaus.plexus.classworlds.launcher.Launcher.launch (Launcher.java:201)
    at org.codehaus.plexus.classworlds.launcher.Launcher.mainWithExitCode (Launcher.java:361)
    at org.codehaus.plexus.classworlds.launcher.Launcher.main (Launcher.java:314)
Caused by: org.apache.maven.plugin.compiler.CompilationFailureException: Compilation failure
    at org.apache.maven.plugin.compiler.AbstractCompilerMojo.execute (AbstractCompilerMojo.java:1212)
    at org.apache.maven.plugin.compiler.CompilerMojo.execute (CompilerMojo.java:193)
    at org.apache.maven.plugin.DefaultBuildPluginManager.executeMojo (DefaultBuildPluginManager.java:126)
    at org.apache.maven.lifecycle.internal.MojoExecutor.doExecute2 (MojoExecutor.java:328)
    at org.apache.maven.lifecycle.internal.MojoExecutor.doExecute (MojoExecutor.java:316)
    at org.apache.maven.lifecycle.internal.MojoExecutor.execute (MojoExecutor.java:212)
    at org.apache.maven.lifecycle.internal.MojoExecutor.execute (MojoExecutor.java:174)
    at org.apache.maven.lifecycle.internal.MojoExecutor.access$000 (MojoExecutor.java:75)
    at org.apache.maven.lifecycle.internal.MojoExecutor$1.run (MojoExecutor.java:162)
    at org.apache.maven.plugin.DefaultMojosExecutionStrategy.execute (DefaultMojosExecutionStrategy.java:39)
    at org.apache.maven.lifecycle.internal.MojoExecutor.execute (MojoExecutor.java:159)
    at org.apache.maven.lifecycle.internal.LifecycleModuleBuilder.buildProject (LifecycleModuleBuilder.java:105)
    at org.apache.maven.lifecycle.internal.LifecycleModuleBuilder.buildProject (LifecycleModuleBuilder.java:73)
    at org.apache.maven.lifecycle.internal.builder.singlethreaded.SingleThreadedBuilder.build (SingleThreadedBuilder.java:53)
    at org.apache.maven.lifecycle.internal.LifecycleStarter.execute (LifecycleStarter.java:118)
    at org.apache.maven.DefaultMaven.doExecute (DefaultMaven.java:261)
    at org.apache.maven.DefaultMaven.doExecute (DefaultMaven.java:173)
    at org.apache.maven.DefaultMaven.execute (DefaultMaven.java:101)
    at org.apache.maven.cli.MavenCli.execute (MavenCli.java:906)
    at org.apache.maven.cli.MavenCli.doMain (MavenCli.java:283)
    at org.apache.maven.cli.MavenCli.main (MavenCli.java:206)
    at jdk.internal.reflect.DirectMethodHandleAccessor.invoke (DirectMethodHandleAccessor.java:103)
    at java.lang.reflect.Method.invoke (Method.java:580)
    at org.codehaus.plexus.classworlds.launcher.Launcher.launchEnhanced (Launcher.java:255)
    at org.codehaus.plexus.classworlds.launcher.Launcher.launch (Launcher.java:201)
    at org.codehaus.plexus.classworlds.launcher.Launcher.mainWithExitCode (Launcher.java:361)
    at org.codehaus.plexus.classworlds.launcher.Launcher.main (Launcher.java:314)
[ERROR] 
[ERROR] 
[ERROR] For more information about the errors and possible solutions, please read the following articles:
[ERROR] [Help 1] http://cwiki.apache.org/confluence/display/MAVEN/MojoFailureException
[DEBUG] Shutting down adapter factory; available factories [file-lock, rwlock-local, semaphore-local, noop]; available name mappers [discriminating, file-gav, file-hgav, file-static, gav, static]
[DEBUG] Shutting down 'file-lock' factory
[DEBUG] Shutting down 'rwlock-local' factory
[DEBUG] Shutting down 'semaphore-local' factory
[DEBUG] Shutting down 'noop' factory
